# The kind lab, recorded from scratch on 2026-09-30 with APPROVE_STAGES=dev, and
# cub kubara built from the handover/approve-stages branch (0.2.4-dev), with the
# init, render and --stages fixes of the same release merged in.
#
# up.sh built a Kubara v0.16.0 platform (catalogs 3.0.0) on kind v0.31.0 with
# Kubernetes v1.35.0, on clusters named klab24-hub and klab24-spoke
# (KIND=klab24): a hub called hub in stage dev and a spoke called spoke in stage
# prod. Kubara's bootstrap installed Argo CD 3.5.2 on the hub. run.sh then ran
# against a hosted ConfigHub organization with cub v0.6.8 and
# PREFIX=klab24-0930. handover.sh installed argobot v0.1.7 on the hub.
#
# run.sh took 14 minutes. The lab directory is shown as ./kubara-lab. On kind,
# cert-manager is Degraded (Let's Encrypt refuses the example.com contact),
# traefik is Progressing (no load balancer), and the hub's argocd Application
# waits for an Ingress address.
#
# What to look for, all in section 3:
# - cub kubara handover --approve-stages dev says it approves only dev, and
#   stops before each release in prod.
# - The first handover.sh approves and publishes dev's releases, promotes
#   cert-manager, metrics-server and traefik into prod, and stops with exit
#   status 2 before it changes the hub. It prints one cub variant approve
#   command per release. Every Application still reads Git.
# - A second approval is recorded for each release, in prod. The lab has one
#   person, so run.sh runs the commands handover.sh printed.
# - The second handover.sh resumes the same change orders (the same
#   handover-...-r2 names). It skips the stage each has released, approves and
#   promotes nothing again, publishes prod, and hands the hub over: every
#   Application prunes nothing, and each reads its release from ConfigHub.
# - Sections 4 to 9 then run as in run-2026-09-30.log.
#
# A first attempt stopped at the right place, but its resumed run failed:
# promoting a change order into its last stage again is refused, once that
# stage has it ("has completed ChangeWorkflow ..., so there is nothing left to
# promote"). handover.sh now skips promoting a stage that already has the
# change order. This recording, with that fix, started from a clean
# organization on the same clusters.

== 1. See what ConfigHub will hold. This needs no account and changes nothing.

$ cub kubara plan platform --prefix klab24-0930
Kubara platform  platform  (generated by Kubara; chart versions read from what it wrote)
Catalogs         oci://ghcr.io/kubara-io/catalogs/bootstrap:3.0.0, oci://ghcr.io/kubara-io/catalogs/general:3.0.0

Stages, in the order a change rolls out
  1. dev
     hub                    hub    runs Kubara's hub Argo CD
                                   runs argo-cd, bootstrap-crds, cert-manager, homer-dashboard, metrics-server, traefik
  2. prod
     spoke                  spoke  delivered by hub's Argo CD, as Kubara wires it
                                   runs bootstrap-crds, cert-manager, metrics-server, traefik

Components: a base per component, a variant per cluster it runs on
  argo-cd  (bootstrap 3.0.0)
    base      klab24-0930-argo-cd-base  reaches no cluster
    variants  klab24-0930-argo-cd-<cluster> for hub
    chart     argo-cd 10.7.0 from https://argoproj.github.io/argo-helm
              Workshop checked 9.5.15, 9.5.17, 10.1.3, 10.2.1, not 10.7.0
  bootstrap-crds  (bootstrap 3.0.0)
    base      klab24-0930-bootstrap-crds-base  reaches no cluster
    variants  klab24-0930-bootstrap-crds-<cluster> for hub, spoke
    chart     cert-manager 1.21.1 from https://charts.jetstack.io
              Workshop checked 1.20.2, 1.21.0, not 1.21.1
    chart     kube-prometheus-stack 88.6.3 from https://prometheus-community.github.io/helm-charts
              Workshop checked 85.3.3, 86.1.0, 87.15.1, 87.19.2, not 88.6.3
    chart     external-secrets 2.10.0 from https://charts.external-secrets.io
              Workshop checked 2.5.0, 2.7.0, 2.8.0, not 2.10.0
  cert-manager  (general 3.0.0)
    base      klab24-0930-cert-manager-base  reaches no cluster
    variants  klab24-0930-cert-manager-<cluster> for hub, spoke
    chart     cert-manager 1.21.1 from https://charts.jetstack.io
              Workshop checked 1.20.2, 1.21.0, not 1.21.1
  homer-dashboard  (general 3.0.0)
    base      klab24-0930-homer-dashboard-base  reaches no cluster
    variants  klab24-0930-homer-dashboard-<cluster> for hub
    chart     Kubara's own chart; no upstream chart to check
  metrics-server  (general 3.0.0)
    base      klab24-0930-metrics-server-base  reaches no cluster
    variants  klab24-0930-metrics-server-<cluster> for hub, spoke
    chart     metrics-server 3.14.0 from https://kubernetes-sigs.github.io/metrics-server
              Workshop checked 3.13.0, 3.13.1, not 3.14.0
  traefik  (general 3.0.0)
    base      klab24-0930-traefik-base  reaches no cluster
    variants  klab24-0930-traefik-<cluster> for hub, spoke
    chart     traefik 41.4.0 from oci://ghcr.io/traefik/helm
              Workshop checked 41.0.2, not 41.4.0

Workshop evidence  0 of 7 upstream charts checked at the exact version Kubara pins; 7 checked at another version; 0 from another repository; 0 not in the Workshop Catalog.
                   Kubara's catalogs stay the source of every component; evidence only annotates it. Workshop Catalog at c808d0db7.

ConfigHub would hold 16 Spaces: a base Space per component, and a variant Space per cluster it runs on.
  Each base holds what Kubara generated for the earliest-stage cluster that runs it, and a rollout workflow:
  the stages above in order, each waiting for the stage ahead, and an approval attestation
  (cub variant approve) before each release. Each variant records its cluster's own render as a change.
  Secret values stay out of ConfigHub: a Secret keeps its keys and loses its values.
  One more Space, klab24-0930-kubara-generated, keeps what Kubara generated for each base, so a new
  catalog version reaches a base as one change you review.
  Kubara's hub, AppProject and ApplicationSets stay as Kubara generates them, and keep delivering
  from Git until handover, which points each ApplicationSet at the cluster's approved release instead.

Next
  cub kubara apply platform --out <dir>   # render each cluster and write apply.sh, the cub steps above

Offline: no account, no cluster, nothing changed.

== 2. Put the platform into ConfigHub: a base per component, a variant per cluster

$ cub kubara apply platform --prefix klab24-0930 --out confighub --capabilities hub=kind-klab24-hub --capabilities spoke=kind-klab24-spoke
Wrote confighub/apply.sh: 6 components, 10 variants.
Rendered hub with its own capabilities, from context kind-klab24-hub: Kubernetes v1.35.0, 168 APIs.
Rendered spoke with its own capabilities, from context kind-klab24-spoke: Kubernetes v1.35.0, 168 APIs.
These Secrets go to ConfigHub with their keys and without their values:
  argo-cd: Secret argocd/cluster-kubernetes.default.svc (3 values)
  klab24-0930-bootstrap-crds-spoke renders the same as its base, so it records no change

Next
  less confighub/apply.sh        # read what it will do
  bash confighub/apply.sh

$ bash confighub/apply.sh

== 0/2 Check before changing anything

== 1/2 A component, a base and a rollout workflow per Kubara component
Config data written to argo-cd/taken.yaml
Config data written to bootstrap-crds/taken.yaml
Config data written to cert-manager/taken.yaml
Config data written to homer-dashboard/taken.yaml
Config data written to metrics-server/taken.yaml
Config data written to traefik/taken.yaml

== 2/2 A variant per cluster, holding that cluster's own render
klab24-0930-argo-cd-hub: the base is this cluster's render
klab24-0930-bootstrap-crds-hub: the base is this cluster's render
klab24-0930-bootstrap-crds-spoke: Kubara renders it the same as on hub; no change to record
klab24-0930-cert-manager-hub: the base is this cluster's render
klab24-0930-homer-dashboard-hub: the base is this cluster's render
klab24-0930-metrics-server-hub: the base is this cluster's render
klab24-0930-traefik-hub: the base is this cluster's render

== Done
Every Kubara component now has a base and a variant per cluster in ConfigHub.
To change the platform: edit a base, promote the change stage by stage with
  cub changeorder create ... then cub variant promote and cub variant approve.
Before handover, Kubara's hub delivers from Git; handover points it at approved releases.

== 3. Hand Kubara's hub to ConfigHub

$ cub kubara handover platform --prefix klab24-0930 --out confighub --capabilities hub=kind-klab24-hub --approve-stages dev
Wrote confighub/handover.sh. These ApplicationSets will read ConfigHub instead of Git:
  argocd                   oci://oci.hub.confighub.com/space/klab24-0930-argo-cd-{{name}}
  cert-manager             oci://oci.hub.confighub.com/space/klab24-0930-cert-manager-{{name}}
  homer-dashboard          oci://oci.hub.confighub.com/space/klab24-0930-homer-dashboard-{{name}}
  metrics-server           oci://oci.hub.confighub.com/space/klab24-0930-metrics-server-{{name}}
  traefik                  oci://oci.hub.confighub.com/space/klab24-0930-traefik-{{name}}
No ApplicationSet delivers bootstrap-crds, so Kubara's bootstrap keeps it.
Left on Git, for services this platform does not enable: external-dns, external-secrets, kube-prometheus-stack, kyverno, kyverno-policies, kyverno-policy-reporter, loki, longhorn, metallb, oauth2-proxy, reloader, velero
Then it installs argobot v0.1.7 on the hub, which writes each variant Space's live status.
It approves each first release as you in: dev.
In prod it stops before each release, for someone else to approve; run it again once they have.

Next, after apply.sh
  less confighub/handover.sh
  HUB_CONTEXT=<kubectl context of Kubara's hub> bash confighub/handover.sh

$ bash confighub/handover.sh

== 0/6 Check before changing anything

== 1/6 One Target per cluster, in klab24-0930-targets

== 2/6 Each variant releases to its own cluster's Target

== 3/6 Kubara's ApplicationSets read ConfigHub: a change to the argo-cd base
data written to argo-cd/current.yaml

== 4/6 Release each variant, stage by stage: promote, approve, publish
Promoting klab24-0930-cert-manager-hub into stage dev...
Upgraded 0 unit(s) behind their upstream
Marked 1 unit(s) the change order covers and carries no changes for
Adding 0 unit(s) from upstream at the change order's start
Promoting klab24-0930-cert-manager-spoke into stage prod...
Upgraded 0 unit(s) behind their upstream
Marked 1 unit(s) the change order covers and carries no changes for
Adding 0 unit(s) from upstream at the change order's start
klab24-0930-cert-manager-spoke waits for an approval in prod
Promoting klab24-0930-homer-dashboard-hub into stage dev...
Upgraded 0 unit(s) behind their upstream
Marked 1 unit(s) the change order covers and carries no changes for
Adding 0 unit(s) from upstream at the change order's start
Promoting klab24-0930-metrics-server-hub into stage dev...
Upgraded 0 unit(s) behind their upstream
Marked 1 unit(s) the change order covers and carries no changes for
Adding 0 unit(s) from upstream at the change order's start
Promoting klab24-0930-metrics-server-spoke into stage prod...
Upgraded 0 unit(s) behind their upstream
Marked 1 unit(s) the change order covers and carries no changes for
Adding 0 unit(s) from upstream at the change order's start
klab24-0930-metrics-server-spoke waits for an approval in prod
Promoting klab24-0930-traefik-hub into stage dev...
Upgraded 0 unit(s) behind their upstream
Marked 1 unit(s) the change order covers and carries no changes for
Adding 0 unit(s) from upstream at the change order's start
Promoting klab24-0930-traefik-spoke into stage prod...
Upgraded 0 unit(s) behind their upstream
Marked 1 unit(s) the change order covers and carries no changes for
Adding 0 unit(s) from upstream at the change order's start
klab24-0930-traefik-spoke waits for an approval in prod
Promoting klab24-0930-argo-cd-hub into stage dev...
Upgraded 1 unit(s) behind their upstream
Adding 0 unit(s) from upstream at the change order's start

handover.sh stopped before it changed the hub. Kubara's hub still delivers from Git.
These releases wait for an approval from someone other than the person running
this script. Once they have run each of these commands:
  cub variant approve --change-order klab24-0930-cert-manager-base/handover-0fa5b8a4-r2 --stage prod
  cub variant approve --change-order klab24-0930-metrics-server-base/handover-5ea792e9-r2 --stage prod
  cub variant approve --change-order klab24-0930-traefik-base/handover-a2780c76-r2 --stage prod
run handover.sh again. It resumes the same change orders, publishes what was
approved, and then hands the hub over.

The hub still reads Git:

$ kubectl --context kind-klab24-hub -n argocd get applications -o custom-columns=APPLICATION:.metadata.name,SOURCE:.spec.sources[*].repoURL,OCI:.spec.source.repoURL
APPLICATION            SOURCE                                                                                                      OCI
hub-argocd             http://git.git-server.svc.cluster.local/platform.git,http://git.git-server.svc.cluster.local/platform.git   <none>
hub-cert-manager       http://git.git-server.svc.cluster.local/platform.git,http://git.git-server.svc.cluster.local/platform.git   <none>
hub-homer-dashboard    http://git.git-server.svc.cluster.local/platform.git,http://git.git-server.svc.cluster.local/platform.git   <none>
hub-metrics-server     http://git.git-server.svc.cluster.local/platform.git,http://git.git-server.svc.cluster.local/platform.git   <none>
hub-traefik            http://git.git-server.svc.cluster.local/platform.git,http://git.git-server.svc.cluster.local/platform.git   <none>
spoke-cert-manager     http://git.git-server.svc.cluster.local/platform.git,http://git.git-server.svc.cluster.local/platform.git   <none>
spoke-metrics-server   http://git.git-server.svc.cluster.local/platform.git,http://git.git-server.svc.cluster.local/platform.git   <none>
spoke-traefik          http://git.git-server.svc.cluster.local/platform.git,http://git.git-server.svc.cluster.local/platform.git   <none>

A second person approves each release handover.sh left to them. The lab has one
person, so it runs the commands handover.sh printed:

$ cub variant approve --change-order klab24-0930-cert-manager-base/handover-0fa5b8a4-r2 --stage prod
Recorded pass Approval attestation d721cd25-a468-4d4f-bc0e-ac14c6ae7f62 in klab24-0930-cert-manager-spoke, covering 1 revision(s)

$ cub variant approve --change-order klab24-0930-metrics-server-base/handover-5ea792e9-r2 --stage prod
Recorded pass Approval attestation 43c94ae3-2798-4a47-b065-d0fb59d19f90 in klab24-0930-metrics-server-spoke, covering 1 revision(s)

$ cub variant approve --change-order klab24-0930-traefik-base/handover-a2780c76-r2 --stage prod
Recorded pass Approval attestation c6a41265-f73a-4a6c-9ec3-ac0945ca735d in klab24-0930-traefik-spoke, covering 1 revision(s)

Then handover.sh again. It resumes the same change orders, and hands the hub over:

$ bash confighub/handover.sh

== 0/6 Check before changing anything

== 1/6 One Target per cluster, in klab24-0930-targets

== 2/6 Each variant releases to its own cluster's Target

== 3/6 Kubara's ApplicationSets read ConfigHub: a change to the argo-cd base
data written to argo-cd/current.yaml
the argo-cd base already points its ApplicationSets at ConfigHub

== 4/6 Release each variant, stage by stage: promote, approve, publish
klab24-0930-cert-manager-base/handover-0fa5b8a4-r2: dev has released it
homer-dashboard: every variant has a release; later changes go through your own change orders
klab24-0930-metrics-server-base/handover-5ea792e9-r2: dev has released it
klab24-0930-traefik-base/handover-a2780c76-r2: dev has released it
argo-cd: every variant is released

== 5/6 Hand the hub to ConfigHub (your hub cluster)
hub-cert-manager: prunes nothing
spoke-cert-manager: prunes nothing
hub-homer-dashboard: prunes nothing
hub-metrics-server: prunes nothing
spoke-metrics-server: prunes nothing
hub-traefik: prunes nothing
spoke-traefik: prunes nothing
hub-argocd: prunes nothing
secret/confighub-klab24-0930-targets created
data written to argo-cd/released.yaml
appproject.argoproj.io/hub-dev serverside-applied
applicationset.argoproj.io/argocd serverside-applied
applicationset.argoproj.io/cert-manager serverside-applied
applicationset.argoproj.io/homer-dashboard serverside-applied
applicationset.argoproj.io/metrics-server serverside-applied
applicationset.argoproj.io/traefik serverside-applied
applicationset.argoproj.io/argocd patched
applicationset.argoproj.io/cert-manager patched
applicationset.argoproj.io/homer-dashboard patched
applicationset.argoproj.io/metrics-server patched
applicationset.argoproj.io/traefik patched
hub-argocd: stopping a sync Argo CD started from Git
hub-cert-manager reads oci://oci.hub.confighub.com/space/klab24-0930-cert-manager-hub
spoke-cert-manager reads oci://oci.hub.confighub.com/space/klab24-0930-cert-manager-spoke
hub-homer-dashboard reads oci://oci.hub.confighub.com/space/klab24-0930-homer-dashboard-hub
hub-metrics-server reads oci://oci.hub.confighub.com/space/klab24-0930-metrics-server-hub
spoke-metrics-server reads oci://oci.hub.confighub.com/space/klab24-0930-metrics-server-spoke
hub-traefik reads oci://oci.hub.confighub.com/space/klab24-0930-traefik-hub
spoke-traefik reads oci://oci.hub.confighub.com/space/klab24-0930-traefik-spoke
hub-argocd reads oci://oci.hub.confighub.com/space/klab24-0930-argo-cd-hub

== 6/6 argobot reports each Application's live status to its variant Space
secret/argobot-secrets created
namespace/argobot configured
serviceaccount/argobot created
role.rbac.authorization.k8s.io/argobot created
rolebinding.rbac.authorization.k8s.io/argobot created
deployment.apps/argobot created
Waiting for deployment "argobot" rollout to finish: 0 out of 1 new replicas have been updated...
Waiting for deployment "argobot" rollout to finish: 1 old replicas are pending termination...
Waiting for deployment "argobot" rollout to finish: 1 old replicas are pending termination...
Waiting for deployment "argobot" rollout to finish: 1 old replicas are pending termination...
deployment "argobot" successfully rolled out
klab24-0930-cert-manager-hub: hub-cert-manager Synced Degraded at null
klab24-0930-cert-manager-spoke: spoke-cert-manager OutOfSync Degraded at sha256:bd208e58bbf8
klab24-0930-homer-dashboard-hub: hub-homer-dashboard OutOfSync Healthy at sha256:7c3a0cb3b8bf
klab24-0930-metrics-server-hub: hub-metrics-server OutOfSync Healthy at sha256:228fea56ce35
klab24-0930-metrics-server-spoke: spoke-metrics-server OutOfSync Healthy at sha256:92a1b2bd0d85
klab24-0930-traefik-hub: hub-traefik Synced Progressing at sha256:eba846cf1259
klab24-0930-traefik-spoke: spoke-traefik OutOfSync Progressing at sha256:8e3b80a84bd9
klab24-0930-argo-cd-hub: hub-argocd OutOfSync Degraded at sha256:e1252e9bb5b1

Done. Kubara's hub now reads each cluster's approved release from ConfigHub,
and argobot writes each Application's sync and health to its variant Space.
Watch it with: kubectl get applications -n argocd
A manual sync must keep RespectIgnoreDifferences, as Kubara's sync options do;
without it, Argo CD empties the values of the Secrets ConfigHub holds without values.

== 4. Check that each cluster runs the release its stage approved

$ cub kubara check platform --prefix klab24-0930 --hub-context kind-klab24-hub
klab24-0930-argo-cd-hub: FAIL: Argo CD reports hub-argocd as Degraded
klab24-0930-bootstrap-crds-hub: skipped, no ApplicationSet delivers it; Kubara's bootstrap keeps it
klab24-0930-bootstrap-crds-spoke: skipped, no ApplicationSet delivers it; Kubara's bootstrap keeps it
klab24-0930-cert-manager-hub: FAIL: Argo CD reports hub-cert-manager as Degraded
klab24-0930-cert-manager-spoke: FAIL: Argo CD reports spoke-cert-manager as Degraded
klab24-0930-homer-dashboard-hub: hub-homer-dashboard runs release 1, synced, healthy, prunes nothing, keeps Secret values
klab24-0930-metrics-server-hub: hub-metrics-server runs release 1, synced, healthy, prunes nothing, keeps Secret values
klab24-0930-metrics-server-spoke: spoke-metrics-server runs release 1, synced, healthy, prunes nothing, keeps Secret values
klab24-0930-traefik-hub: NOT YET: hub-traefik runs release 1, synced, prunes nothing, keeps Secret values; Argo CD reports hub-traefik as Progressing, not Healthy yet
klab24-0930-traefik-spoke: NOT YET: spoke-traefik runs release 1, synced, prunes nothing, keeps Secret values; Argo CD reports spoke-traefik as Progressing, not Healthy yet
error: 3 of 10 variants do not run their approved release as they should, and 2 of 10 variants are not Healthy yet; run check again once they are

== 5. See each cluster's live status in ConfigHub, as argobot reports it
klab24-0930-argo-cd-hub: hub-argocd Synced Degraded, synced sha256:e1252e9bb5b1
klab24-0930-cert-manager-hub: hub-cert-manager Synced Degraded, synced sha256:d5efa8261713
klab24-0930-cert-manager-spoke: spoke-cert-manager Synced Degraded, synced sha256:bd208e58bbf8
klab24-0930-homer-dashboard-hub: hub-homer-dashboard Synced Healthy, synced sha256:7c3a0cb3b8bf
klab24-0930-metrics-server-hub: hub-metrics-server Synced Healthy, synced sha256:228fea56ce35
klab24-0930-metrics-server-spoke: spoke-metrics-server Synced Healthy, synced sha256:92a1b2bd0d85
klab24-0930-traefik-hub: hub-traefik Synced Progressing, synced sha256:eba846cf1259
klab24-0930-traefik-spoke: spoke-traefik Synced Progressing, synced sha256:8e3b80a84bd9

== 6. One change, released to dev first: two metrics-server replicas

$ cub function set --space klab24-0930-metrics-server-base --unit metrics-server --change-desc 'Run two metrics-server replicas' set-replicas 2 --quiet

$ cub changeorder create --space klab24-0930-metrics-server-base two-replicas --change-workflow klab24-0930-metrics-server-base/rollout --description 'Two metrics-server replicas' --allow-exists
Successfully created changeorder two-replicas (4d4fe1d5-bf05-4553-99b3-042041aaa131)

$ cub variant promote --change-order klab24-0930-metrics-server-base/two-replicas --target-stage dev --quiet
Promoting klab24-0930-metrics-server-hub into stage dev...
Upgraded 1 unit(s) behind their upstream
Adding 0 unit(s) from upstream at the change order's start

$ cub variant approve --change-order klab24-0930-metrics-server-base/two-replicas --stage dev
Recorded pass Approval attestation df3ee7a8-6991-45ff-b04b-b4426c1cd035 in klab24-0930-metrics-server-hub, covering 1 revision(s)

$ cub release publish klab24-0930-metrics-server-hub --revision ChangeOrder:klab24-0930-metrics-server-base/two-replicas --quiet

Released to dev. Until Argo CD pulls it, check says so:

$ cub kubara check platform --prefix klab24-0930 --hub-context kind-klab24-hub
klab24-0930-argo-cd-hub: FAIL: Argo CD reports hub-argocd as Degraded
klab24-0930-bootstrap-crds-hub: skipped, no ApplicationSet delivers it; Kubara's bootstrap keeps it
klab24-0930-bootstrap-crds-spoke: skipped, no ApplicationSet delivers it; Kubara's bootstrap keeps it
klab24-0930-cert-manager-hub: FAIL: Argo CD reports hub-cert-manager as Degraded
klab24-0930-cert-manager-spoke: FAIL: Argo CD reports spoke-cert-manager as Degraded
klab24-0930-homer-dashboard-hub: hub-homer-dashboard runs release 1, synced, healthy, prunes nothing, keeps Secret values
klab24-0930-metrics-server-hub: FAIL: Argo CD runs sha256:228fea56ce35, and the latest release, 2, is sha256:c112ec189f14
klab24-0930-metrics-server-spoke: spoke-metrics-server runs release 1, synced, healthy, prunes nothing, keeps Secret values
klab24-0930-traefik-hub: NOT YET: hub-traefik runs release 1, synced, prunes nothing, keeps Secret values; Argo CD reports hub-traefik as Progressing, not Healthy yet
klab24-0930-traefik-spoke: NOT YET: spoke-traefik runs release 1, synced, prunes nothing, keeps Secret values; Argo CD reports spoke-traefik as Progressing, not Healthy yet
error: 4 of 10 variants do not run their approved release as they should, and 2 of 10 variants are not Healthy yet; run check again once they are

$ kubectl --context kind-klab24-hub -n metrics-server get deploy metrics-server
NAME             READY   UP-TO-DATE   AVAILABLE   AGE
metrics-server   2/2     2            2           24m

$ kubectl --context kind-klab24-spoke -n metrics-server get deploy metrics-server
NAME             READY   UP-TO-DATE   AVAILABLE   AGE
metrics-server   1/1     1            1           24m

$ cub kubara check platform --prefix klab24-0930 --hub-context kind-klab24-hub
klab24-0930-argo-cd-hub: FAIL: Argo CD reports hub-argocd as Degraded
klab24-0930-bootstrap-crds-hub: skipped, no ApplicationSet delivers it; Kubara's bootstrap keeps it
klab24-0930-bootstrap-crds-spoke: skipped, no ApplicationSet delivers it; Kubara's bootstrap keeps it
klab24-0930-cert-manager-hub: FAIL: Argo CD reports hub-cert-manager as Degraded
klab24-0930-cert-manager-spoke: FAIL: Argo CD reports spoke-cert-manager as Degraded
klab24-0930-homer-dashboard-hub: hub-homer-dashboard runs release 1, synced, healthy, prunes nothing, keeps Secret values
klab24-0930-metrics-server-hub: hub-metrics-server runs release 2, synced, healthy, prunes nothing, keeps Secret values
klab24-0930-metrics-server-spoke: spoke-metrics-server runs release 1, synced, healthy, prunes nothing, keeps Secret values
klab24-0930-traefik-hub: NOT YET: hub-traefik runs release 1, synced, prunes nothing, keeps Secret values; Argo CD reports hub-traefik as Progressing, not Healthy yet
klab24-0930-traefik-spoke: NOT YET: spoke-traefik runs release 1, synced, prunes nothing, keeps Secret values; Argo CD reports spoke-traefik as Progressing, not Healthy yet
error: 3 of 10 variants do not run their approved release as they should, and 2 of 10 variants are not Healthy yet; run check again once they are

== 7. The same change in prod, after its own approval

$ cub variant promote --change-order klab24-0930-metrics-server-base/two-replicas --target-stage prod --quiet
Promoting klab24-0930-metrics-server-spoke into stage prod...
Upgraded 1 unit(s) behind their upstream
Adding 0 unit(s) from upstream at the change order's start

$ cub variant approve --change-order klab24-0930-metrics-server-base/two-replicas --stage prod
Recorded pass Approval attestation 2220f4d2-89e5-4a74-93bc-1a4bfffee972 in klab24-0930-metrics-server-spoke, covering 1 revision(s)

$ cub release publish klab24-0930-metrics-server-spoke --revision ChangeOrder:klab24-0930-metrics-server-base/two-replicas --quiet

$ kubectl --context kind-klab24-spoke -n metrics-server get deploy metrics-server
NAME             READY   UP-TO-DATE   AVAILABLE   AGE
metrics-server   2/2     2            2           25m

$ cub kubara check platform --prefix klab24-0930 --hub-context kind-klab24-hub --record
klab24-0930-argo-cd-hub: FAIL: Argo CD reports hub-argocd as Degraded; recorded a rejection (01d072a0-ad49-4452-92fa-f76c753176e1)
klab24-0930-bootstrap-crds-hub: skipped, no ApplicationSet delivers it; Kubara's bootstrap keeps it
klab24-0930-bootstrap-crds-spoke: skipped, no ApplicationSet delivers it; Kubara's bootstrap keeps it
klab24-0930-cert-manager-hub: FAIL: Argo CD reports hub-cert-manager as Degraded; recorded a rejection (f679bb50-e3e2-4548-91cb-b7c4a5b0d46f)
klab24-0930-cert-manager-spoke: FAIL: Argo CD reports spoke-cert-manager as Degraded; recorded a rejection (5509e163-b4bf-4399-9142-7d7575d71189)
klab24-0930-homer-dashboard-hub: hub-homer-dashboard runs release 1, synced, healthy, prunes nothing, keeps Secret values; recorded a Pass (cddf5a32-fe71-4b23-a396-503939bbe414)
klab24-0930-metrics-server-hub: hub-metrics-server runs release 2, synced, healthy, prunes nothing, keeps Secret values; recorded a Pass (1e39f9ad-40b7-47b9-bff7-7e09da46b52d)
klab24-0930-metrics-server-spoke: spoke-metrics-server runs release 2, synced, healthy, prunes nothing, keeps Secret values; recorded a Pass (2f07dc0e-2a16-465f-bf51-12b24e701a89)
klab24-0930-traefik-hub: NOT YET: hub-traefik runs release 1, synced, prunes nothing, keeps Secret values; Argo CD reports hub-traefik as Progressing, not Healthy yet
klab24-0930-traefik-spoke: NOT YET: spoke-traefik runs release 1, synced, prunes nothing, keeps Secret values; Argo CD reports spoke-traefik as Progressing, not Healthy yet
error: 3 of 10 variants do not run their approved release as they should, and 2 of 10 variants are not Healthy yet; run check again once they are

== 8. Gate prod on dev's health

$ echo <prod waits for Released and Healthy> | cub changeworkflow update --patch --space klab24-0930-metrics-server-base rollout --from-stdin --quiet

$ cub changeworkflow get --space klab24-0930-metrics-server-base rollout -o 'jq=.ChangeWorkflow.Stages[] | "\(.Name): \(.Prerequisites // [] | join(", "))"'
dev: 
prod: Released, Healthy

$ cub function set --space klab24-0930-metrics-server-base --unit metrics-server --change-desc 'Run three metrics-server replicas' set-replicas 3 --quiet

$ cub changeorder create --space klab24-0930-metrics-server-base three-replicas --change-workflow klab24-0930-metrics-server-base/rollout --description 'Three metrics-server replicas' --allow-exists
Successfully created changeorder three-replicas (594cc25e-9df8-401d-ae2d-fa39915c8382)

$ cub variant promote --change-order klab24-0930-metrics-server-base/three-replicas --target-stage dev --quiet
Promoting klab24-0930-metrics-server-hub into stage dev...
Upgraded 1 unit(s) behind their upstream
Adding 0 unit(s) from upstream at the change order's start

$ cub variant approve --change-order klab24-0930-metrics-server-base/three-replicas --stage dev
Recorded pass Approval attestation 2ba81499-84ee-46fd-974a-19db4d01c02b in klab24-0930-metrics-server-hub, covering 1 revision(s)

$ cub release publish klab24-0930-metrics-server-hub --revision ChangeOrder:klab24-0930-metrics-server-base/three-replicas --quiet

Straight after the release, argobot still reports the release before it:
klab24-0930-metrics-server-hub: hub-metrics-server Synced Healthy, synced sha256:c112ec189f14
latest release: sha256:adc2c7fff509
ConfigHub's Healthy gate reads that status, so a dry run of the promotion to prod passes:

$ cub variant promote --change-order klab24-0930-metrics-server-base/three-replicas --target-stage prod --dry-run
Promoting klab24-0930-metrics-server-spoke into stage prod...
Would upgrade 1 unit(s) behind their upstream
Would add 0 unit(s) from upstream at the change order's start

check compares digests, and says dev does not run its latest release yet:

$ cub kubara check platform --prefix klab24-0930 --hub-context kind-klab24-hub
klab24-0930-argo-cd-hub: FAIL: Argo CD reports hub-argocd as Degraded
klab24-0930-bootstrap-crds-hub: skipped, no ApplicationSet delivers it; Kubara's bootstrap keeps it
klab24-0930-bootstrap-crds-spoke: skipped, no ApplicationSet delivers it; Kubara's bootstrap keeps it
klab24-0930-cert-manager-hub: FAIL: Argo CD reports hub-cert-manager as Degraded
klab24-0930-cert-manager-spoke: FAIL: Argo CD reports spoke-cert-manager as Degraded
klab24-0930-homer-dashboard-hub: hub-homer-dashboard runs release 1, synced, healthy, prunes nothing, keeps Secret values
klab24-0930-metrics-server-hub: FAIL: Argo CD runs sha256:c112ec189f14, and the latest release, 3, is sha256:adc2c7fff509
klab24-0930-metrics-server-spoke: spoke-metrics-server runs release 2, synced, healthy, prunes nothing, keeps Secret values
klab24-0930-traefik-hub: NOT YET: hub-traefik runs release 1, synced, prunes nothing, keeps Secret values; Argo CD reports hub-traefik as Progressing, not Healthy yet
klab24-0930-traefik-spoke: NOT YET: spoke-traefik runs release 1, synced, prunes nothing, keeps Secret values; Argo CD reports spoke-traefik as Progressing, not Healthy yet
error: 4 of 10 variants do not run their approved release as they should, and 2 of 10 variants are not Healthy yet; run check again once they are

Once Argo CD syncs the release and dev is Healthy, prod accepts the change:
klab24-0930-metrics-server-hub: hub-metrics-server Synced Healthy, synced sha256:adc2c7fff509

$ cub variant promote --change-order klab24-0930-metrics-server-base/three-replicas --target-stage prod --quiet
Promoting klab24-0930-metrics-server-spoke into stage prod...
Upgraded 1 unit(s) behind their upstream
Adding 0 unit(s) from upstream at the change order's start

$ cub variant approve --change-order klab24-0930-metrics-server-base/three-replicas --stage prod
Recorded pass Approval attestation a454c1b8-88a1-48e8-9d6a-11b8807f710b in klab24-0930-metrics-server-spoke, covering 1 revision(s)

$ cub release publish klab24-0930-metrics-server-spoke --revision ChangeOrder:klab24-0930-metrics-server-base/three-replicas --quiet
klab24-0930-metrics-server-spoke: spoke-metrics-server Synced Healthy, synced sha256:e2f6c49cd5e6

== 9. A release that breaks dev holds prod back

$ cub function set --space klab24-0930-metrics-server-base --unit metrics-server --change-desc 'An image that does not exist' set-container-image metrics-server registry.k8s.io/metrics-server/metrics-server:v0.0.0-missing --quiet

$ cub function set --space klab24-0930-metrics-server-base --unit metrics-server --change-desc 'Report a stuck rollout after 30 seconds' set-int-path apps/v1/Deployment spec.progressDeadlineSeconds 30 --quiet

$ cub changeorder create --space klab24-0930-metrics-server-base missing-image --change-workflow klab24-0930-metrics-server-base/rollout --description 'An image that does not exist' --allow-exists
Successfully created changeorder missing-image (2a513ab1-4d03-4a0f-bdf1-e1fcad07e6ff)

$ cub variant promote --change-order klab24-0930-metrics-server-base/missing-image --target-stage dev --quiet
Promoting klab24-0930-metrics-server-hub into stage dev...
Upgraded 1 unit(s) behind their upstream
Adding 0 unit(s) from upstream at the change order's start

$ cub variant approve --change-order klab24-0930-metrics-server-base/missing-image --stage dev
Recorded pass Approval attestation 6ebbd3db-5f65-416f-9ffc-d1edea1a5025 in klab24-0930-metrics-server-hub, covering 1 revision(s)

$ cub release publish klab24-0930-metrics-server-hub --revision ChangeOrder:klab24-0930-metrics-server-base/missing-image --quiet
klab24-0930-metrics-server-hub: hub-metrics-server Synced Degraded, synced sha256:43ad9684d8f5

$ kubectl --context kind-klab24-hub -n metrics-server get pods
NAME                              READY   STATUS         RESTARTS   AGE
metrics-server-7c97bf64d6-fm5dq   1/1     Running        0          4m10s
metrics-server-7c97bf64d6-fp9jp   1/1     Running        0          28m
metrics-server-7c97bf64d6-nhdzl   1/1     Running        0          2m23s
metrics-server-7fd4fdd7cb-rmm55   0/1     ErrImagePull   0          41s

ConfigHub refuses to promote it into prod:

$ cub variant promote --change-order klab24-0930-metrics-server-base/missing-image --target-stage prod --quiet
Failed: Variant 'hub' is not healthy

Take the change back out, and dev is Healthy again:

$ cub changeorder update --space klab24-0930-metrics-server-base missing-image --aborted-reason 'dev is Degraded: the image does not exist' --quiet

$ cub variant demote --change-order klab24-0930-metrics-server-base/missing-image --quiet
Demoting klab24-0930-metrics-server-hub...
Restored 1 unit(s) to the revisions before change order missing-image
Demoting klab24-0930-metrics-server-base...
Restored 1 unit(s) to the revisions before change order missing-image

$ cub release publish klab24-0930-metrics-server-hub --quiet
klab24-0930-metrics-server-hub: hub-metrics-server Synced Healthy, synced sha256:c6679f69d0fc

$ cub kubara check platform --prefix klab24-0930 --hub-context kind-klab24-hub
klab24-0930-argo-cd-hub: FAIL: Argo CD reports hub-argocd as Degraded
klab24-0930-bootstrap-crds-hub: skipped, no ApplicationSet delivers it; Kubara's bootstrap keeps it
klab24-0930-bootstrap-crds-spoke: skipped, no ApplicationSet delivers it; Kubara's bootstrap keeps it
klab24-0930-cert-manager-hub: FAIL: Argo CD reports hub-cert-manager as Degraded
klab24-0930-cert-manager-spoke: FAIL: Argo CD reports spoke-cert-manager as Degraded
klab24-0930-homer-dashboard-hub: hub-homer-dashboard runs release 1, synced, healthy, prunes nothing, keeps Secret values
klab24-0930-metrics-server-hub: hub-metrics-server runs release 5, synced, healthy, prunes nothing, keeps Secret values
klab24-0930-metrics-server-spoke: spoke-metrics-server runs release 3, synced, healthy, prunes nothing, keeps Secret values
klab24-0930-traefik-hub: NOT YET: hub-traefik runs release 1, synced, prunes nothing, keeps Secret values; Argo CD reports hub-traefik as Progressing, not Healthy yet
klab24-0930-traefik-spoke: NOT YET: spoke-traefik runs release 1, synced, prunes nothing, keeps Secret values; Argo CD reports spoke-traefik as Progressing, not Healthy yet
error: 3 of 10 variants do not run their approved release as they should, and 2 of 10 variants are not Healthy yet; run check again once they are

Done. Kubara's hub delivers what ConfigHub approved, stage by stage.
See it in ConfigHub: cub space list --where "Slug LIKE 'klab24-0930-%'"
