# The kind lab, recorded from scratch on 2026-09-28 with cub kubara v0.2.2.
#
# up.sh built a Kubara v0.15.0 platform (catalogs 3.0.0) on kind v0.31.0 with
# Kubernetes v1.35.0: a hub called hub in stage dev, and a spoke called spoke in
# stage prod. Kubara's bootstrap installed Argo CD 3.5.2 on the hub, which
# delivered every service to both clusters from a Git server in the hub.
# run.sh then ran against a hosted ConfigHub organization with cub v0.6.2.
#
# up.sh took 7 minutes and run.sh 6. The lab directory is shown as ./kubara-lab.
# On kind, cert-manager is Degraded (Let's Encrypt refuses the example.com
# contact), traefik is Progressing (no load balancer), and the hub's argocd
# Application waits for an Ingress address. None of it affects the story.
#
# What to look for:
# - handover.sh finds a sync Argo CD started from Git still running on the
#   hub's argocd Application, and stops it (section 3).
# - check fails on dev straight after the release, until Argo CD pulls it, and
#   then passes; the spoke stays on one replica (section 5).
# - check --record writes a Pass for every variant (section 6).

######## bash examples/kind-lab/up.sh

== 1/7 Two kind clusters: kubara-hub for the hub and kubara-spoke for the spoke
Creating cluster "kubara-hub" ...
 • Ensuring node image (kindest/node:v1.35.0) 🖼  ...
 ✓ Ensuring node image (kindest/node:v1.35.0) 🖼
 • Preparing nodes 📦   ...
 ✓ Preparing nodes 📦 
 • Writing configuration 📜  ...
 ✓ Writing configuration 📜
 • Starting control-plane 🕹️  ...
 ✓ Starting control-plane 🕹️
 • Installing CNI 🔌  ...
 ✓ Installing CNI 🔌
 • Installing StorageClass 💾  ...
 ✓ Installing StorageClass 💾
 • Waiting ≤ 2m0s for control-plane = Ready ⏳  ...
 ✓ Waiting ≤ 2m0s for control-plane = Ready ⏳
 • Ready after 17s 💚
Set kubectl context to "kind-kubara-hub"
You can now use your cluster with:

kubectl cluster-info --context kind-kubara-hub

Have a question, bug, or feature request? Let us know! https://kind.sigs.k8s.io/#community 🙂
Creating cluster "kubara-spoke" ...
 • Ensuring node image (kindest/node:v1.35.0) 🖼  ...
 ✓ Ensuring node image (kindest/node:v1.35.0) 🖼
 • Preparing nodes 📦   ...
 ✓ Preparing nodes 📦 
 • Writing configuration 📜  ...
 ✓ Writing configuration 📜
 • Starting control-plane 🕹️  ...
 ✓ Starting control-plane 🕹️
 • Installing CNI 🔌  ...
 ✓ Installing CNI 🔌
 • Installing StorageClass 💾  ...
 ✓ Installing StorageClass 💾
 • Waiting ≤ 2m0s for control-plane = Ready ⏳  ...
 ✓ Waiting ≤ 2m0s for control-plane = Ready ⏳
 • Ready after 18s 💚
Set kubectl context to "kind-kubara-spoke"
You can now use your cluster with:

kubectl cluster-info --context kind-kubara-spoke

Thanks for using kind! 😊

== 2/7 A Kubara platform: hub in dev, spoke in prod, with cert-manager,metrics-server,traefik,homer-dashboard
wrote platform/config.yaml
wrote platform/.env.example
wrote platform/confighub-intent.yaml
left out homer-dashboard on spoke (a spoke; it runs only on hub)

Next
  cp platform/.env.example platform/.env   # then fill in the values it asks for
  kubara --work-dir platform --config-file config.yaml --env-file .env generate --helm
  cub kubara plan platform

A new kubara release is available: v0.16.0 (current: v0.15.0)

2026-09-28 18:47:15 INF All files generated successfully.
✅ Templating complete! Don't forget to PUSH the changes to apply them!

== 3/7 The platform in Git, copied onto the hub's node

== 4/7 A Git server in the hub that Argo CD can read
Waiting for deployment "git" rollout to finish: 0 out of 1 new replicas have been updated...
Waiting for deployment "git" rollout to finish: 1 old replicas are pending termination...
Waiting for deployment "git" rollout to finish: 1 old replicas are pending termination...
Waiting for deployment "git" rollout to finish: 1 old replicas are pending termination...
deployment "git" successfully rolled out
http://git.git-server.svc.cluster.local/platform.git serves main

== 5/7 Kubara's bootstrap: the spoke first, for its CRDs, then the hub

A new kubara release is available: v0.16.0 (current: v0.15.0)

2026-09-28 18:47:34 INF Starting bootstrap process
2026-09-28 18:47:34 INF Ensuring namespaces exist
2026-09-28 18:47:34 INF Adding helm repositories
2026-09-28 18:47:34 INF Added helm repository: "argo-cd"
2026-09-28 18:47:35 INF Added helm repository: "cert-manager"
2026-09-28 18:47:36 INF Added helm repository: "kube-prometheus-stack"
2026-09-28 18:47:36 INF Added helm repository: "external-secrets"
2026-09-28 18:47:38 INF Refreshed helm repository index
2026-09-28 18:47:38 INF Updating helm chart dependencies
2026-09-28 18:47:40 INF Updated helm dependencies for chart: "argo-cd"
2026-09-28 18:47:43 INF Updated helm dependencies for chart: "bootstrap-crds"
2026-09-28 18:47:43 INF Applying CRDs
2026-09-28 18:47:45 INF CRDs applied and established for: "argo-cd"
2026-09-28 18:47:54 INF CRDs applied and established for: "bootstrap-crds"
2026-09-28 18:47:54 INF Applying secrets
2026-09-28 18:47:54 WRN ClusterSecretStore manifest file not provided. You must apply an existing ClusterSecretStore or create one manually
2026-09-28 18:47:54 INF Created hub secrets successfully
2026-09-28 18:47:54 INF Secrets applied successfully
2026-09-28 18:47:54 INF Bootstrapping ArgoCD
2026-09-28 18:47:55 INF ArgoCD manifest applied successfully
2026-09-28 18:47:55 INF Waiting for ArgoCD components to be ready
2026-09-28 18:49:05 INF ArgoCD components are ready
2026-09-28 18:49:05 INF 
🎉 ArgoCD bootstrap complete!

You can access the Argo CD UI with user "wizard" and your chosen password "replace-before-use" at:

    kubectl port-forward svc/argocd-server -n argocd 8080:443 --kubeconfig ...

Then open: http://localhost:8080/argocd or try: https://spoke.traefik.me/argocd (if ingress is running)

📝 Next steps:
1. Log in with username: wizard
2. Configure your applications
3. Set up monitoring and logging as needed
2026-09-28 18:49:05 INF ArgoCD bootstrap completed successfully

A new kubara release is available: v0.16.0 (current: v0.15.0)

2026-09-28 18:49:05 INF Starting bootstrap process
2026-09-28 18:49:05 INF Ensuring namespaces exist
2026-09-28 18:49:05 INF Adding helm repositories
2026-09-28 18:49:05 INF Added helm repository: "argo-cd"
2026-09-28 18:49:05 INF Added helm repository: "cert-manager"
2026-09-28 18:49:05 INF Added helm repository: "kube-prometheus-stack"
2026-09-28 18:49:05 INF Added helm repository: "external-secrets"
2026-09-28 18:49:07 INF Refreshed helm repository index
2026-09-28 18:49:07 INF Updating helm chart dependencies
2026-09-28 18:49:09 INF Updated helm dependencies for chart: "argo-cd"
2026-09-28 18:49:12 INF Updated helm dependencies for chart: "bootstrap-crds"
2026-09-28 18:49:12 INF Applying CRDs
2026-09-28 18:49:14 INF CRDs applied and established for: "argo-cd"
2026-09-28 18:49:23 INF CRDs applied and established for: "bootstrap-crds"
2026-09-28 18:49:23 INF Applying secrets
2026-09-28 18:49:23 WRN ClusterSecretStore manifest file not provided. You must apply an existing ClusterSecretStore or create one manually
2026-09-28 18:49:23 INF Created hub secrets successfully
2026-09-28 18:49:23 INF Secrets applied successfully
2026-09-28 18:49:23 INF Bootstrapping ArgoCD
2026-09-28 18:49:24 INF ArgoCD manifest applied successfully
2026-09-28 18:49:24 INF Waiting for ArgoCD components to be ready
2026-09-28 18:50:22 INF ArgoCD components are ready
2026-09-28 18:50:22 INF 
🎉 ArgoCD bootstrap complete!

You can access the Argo CD UI with user "wizard" and your chosen password "replace-before-use" at:

    kubectl port-forward svc/argocd-server -n argocd 8080:443 --kubeconfig ...

Then open: http://localhost:8080/argocd or try: https://hub.traefik.me/argocd (if ingress is running)

📝 Next steps:
1. Log in with username: wizard
2. Configure your applications
3. Set up monitoring and logging as needed
2026-09-28 18:50:22 INF ArgoCD bootstrap completed successfully

== 6/7 The spoke joins the hub's Argo CD
secret/spoke-cluster-secret created
Waiting for partitioned roll out to finish: 0 out of 1 new pods have been updated...
Waiting for 1 pods to be ready...
Waiting for 1 pods to be ready...
Waiting for 1 pods to be ready...
partitioned roll out complete: 1 new pods have been updated...

== 7/7 Argo CD delivers every service to both clusters from Git
APPLICATION            SYNC     HEALTH
hub-argocd             Synced   Progressing
hub-cert-manager       Synced   Degraded
hub-homer-dashboard    Synced   Healthy
hub-metrics-server     Synced   Healthy
hub-traefik            Synced   Progressing
spoke-cert-manager     Synced   Degraded
spoke-metrics-server   Synced   Healthy
spoke-traefik          Synced   Progressing

On kind, cert-manager is Degraded (Let's Encrypt refuses the example.com
contact), traefik is Progressing (no load balancer), and argocd waits for an
Ingress address. None of that affects what follows.

The Kubara platform is up. Kubara's hub delivers it from Git. Next:
  cub auth login
  bash examples/kind-lab/run.sh

######## cub auth login

######## bash examples/kind-lab/run.sh

== 1. See what ConfigHub will hold. This needs no account and changes nothing.

$ cub kubara plan platform --prefix kubara
Kubara platform  platform  (generated by Kubara; chart versions read from what it wrote)
Catalogs         oci://ghcr.io/kubara-io/catalogs/bootstrap:3.0.0, oci://ghcr.io/kubara-io/catalogs/general:3.0.0

Stages, in the order a change rolls out
  1. dev
     hub                    hub    runs Kubara's hub Argo CD
                                   runs argo-cd, bootstrap-crds, cert-manager, homer-dashboard, metrics-server, traefik
  2. prod
     spoke                  spoke  delivered by hub's Argo CD, as Kubara wires it
                                   runs bootstrap-crds, cert-manager, metrics-server, traefik

Components: a base per component, a variant per cluster it runs on
  argo-cd  (bootstrap 3.0.0)
    base      kubara-argo-cd-base  reaches no cluster
    variants  kubara-argo-cd-<cluster> for hub
    chart     argo-cd 10.7.0 from https://argoproj.github.io/argo-helm
              Workshop checked 9.5.15, 9.5.17, 10.1.3, 10.2.1, not 10.7.0
  bootstrap-crds  (bootstrap 3.0.0)
    base      kubara-bootstrap-crds-base  reaches no cluster
    variants  kubara-bootstrap-crds-<cluster> for hub, spoke
    chart     cert-manager 1.21.1 from https://charts.jetstack.io
              Workshop checked 1.20.2, 1.21.0, not 1.21.1
    chart     kube-prometheus-stack 88.6.3 from https://prometheus-community.github.io/helm-charts
              Workshop checked 85.3.3, 86.1.0, 87.15.1, 87.19.2, not 88.6.3
    chart     external-secrets 2.10.0 from https://charts.external-secrets.io
              Workshop checked 2.5.0, 2.7.0, 2.8.0, not 2.10.0
  cert-manager  (general 3.0.0)
    base      kubara-cert-manager-base  reaches no cluster
    variants  kubara-cert-manager-<cluster> for hub, spoke
    chart     cert-manager 1.21.1 from https://charts.jetstack.io
              Workshop checked 1.20.2, 1.21.0, not 1.21.1
  homer-dashboard  (general 3.0.0)
    base      kubara-homer-dashboard-base  reaches no cluster
    variants  kubara-homer-dashboard-<cluster> for hub
    chart     Kubara's own chart; no upstream chart to check
  metrics-server  (general 3.0.0)
    base      kubara-metrics-server-base  reaches no cluster
    variants  kubara-metrics-server-<cluster> for hub, spoke
    chart     metrics-server 3.14.0 from https://kubernetes-sigs.github.io/metrics-server
              Workshop checked 3.13.0, 3.13.1, not 3.14.0
  traefik  (general 3.0.0)
    base      kubara-traefik-base  reaches no cluster
    variants  kubara-traefik-<cluster> for hub, spoke
    chart     traefik 41.4.0 from oci://ghcr.io/traefik/helm
              Workshop checked 41.0.2, not 41.4.0

Workshop evidence  0 of 7 upstream charts checked at the exact version Kubara pins; 7 checked at another version; 0 from another repository; 0 not in the Workshop Catalog.
                   Kubara's catalogs stay the source of every component; evidence only annotates it. Workshop Catalog at c808d0db7.

ConfigHub would hold 16 Spaces: a base Space per component, and a variant Space per cluster it runs on.
  Each base holds what Kubara generated for the earliest-stage cluster that runs it, and a rollout workflow:
  the stages above in order, each waiting for the stage ahead, and an approval attestation
  (cub variant approve) before each release. Each variant records its cluster's own render as a change.
  Secret values stay out of ConfigHub: a Secret keeps its keys and loses its values.
  Kubara's hub, AppProject and ApplicationSets stay as Kubara generates them, and keep delivering
  from Git until handover, which points each ApplicationSet at the cluster's approved release instead.

Next
  cub kubara apply platform --out <dir>   # render each cluster and write apply.sh, the cub steps above

Offline: no account, no cluster, nothing changed.

== 2. Put the platform into ConfigHub: a base per component, a variant per cluster

$ cub kubara apply platform --prefix kubara --out confighub --capabilities hub=kind-kubara-hub --capabilities spoke=kind-kubara-spoke
Wrote confighub/apply.sh: 6 components, 10 variants.
Rendered hub with its own capabilities, from context kind-kubara-hub: Kubernetes v1.35.0, 168 APIs.
Rendered spoke with its own capabilities, from context kind-kubara-spoke: Kubernetes v1.35.0, 168 APIs.
These Secrets go to ConfigHub with their keys and without their values:
  argo-cd: Secret argocd/cluster-kubernetes.default.svc (3 values)
  kubara-bootstrap-crds-spoke renders the same as its base, so it records no change

Next
  less confighub/apply.sh        # read what it will do
  bash confighub/apply.sh

$ bash confighub/apply.sh

== 0/2 Check before changing anything

== 1/2 A component, a base and a rollout workflow per Kubara component

== 2/2 A variant per cluster, holding that cluster's own render
kubara-argo-cd-hub: the base is this cluster's render
kubara-bootstrap-crds-hub: the base is this cluster's render
kubara-bootstrap-crds-spoke: Kubara renders it the same as on hub; no change to record
kubara-cert-manager-hub: the base is this cluster's render
kubara-homer-dashboard-hub: the base is this cluster's render
kubara-metrics-server-hub: the base is this cluster's render
kubara-traefik-hub: the base is this cluster's render

== Done
Every Kubara component now has a base and a variant per cluster in ConfigHub.
To change the platform: edit a base, promote the change stage by stage with
  cub changeorder create ... then cub variant promote and cub variant approve.
Kubara's hub still delivers from Git; pointing it at approved releases is handover.

== 3. Hand Kubara's hub to ConfigHub

$ cub kubara handover platform --prefix kubara --out confighub --capabilities hub=kind-kubara-hub
Wrote confighub/handover.sh. These ApplicationSets will read ConfigHub instead of Git:
  argocd                   oci://oci.hub.confighub.com/space/kubara-argo-cd-{{name}}
  cert-manager             oci://oci.hub.confighub.com/space/kubara-cert-manager-{{name}}
  homer-dashboard          oci://oci.hub.confighub.com/space/kubara-homer-dashboard-{{name}}
  metrics-server           oci://oci.hub.confighub.com/space/kubara-metrics-server-{{name}}
  traefik                  oci://oci.hub.confighub.com/space/kubara-traefik-{{name}}
No ApplicationSet delivers bootstrap-crds, so Kubara's bootstrap keeps it.
Left on Git, for services this platform does not enable: external-dns, external-secrets, kube-prometheus-stack, kyverno, kyverno-policies, kyverno-policy-reporter, loki, longhorn, metallb, oauth2-proxy, reloader, velero

Next, after apply.sh
  less confighub/handover.sh
  HUB_CONTEXT=<kubectl context of Kubara's hub> bash confighub/handover.sh

$ bash confighub/handover.sh

== 0/5 Check before changing anything

== 1/5 One Target per cluster, in kubara-targets

== 2/5 Each variant releases to its own cluster's Target

== 3/5 Kubara's ApplicationSets read ConfigHub: a change to the argo-cd base
data written to argo-cd/current.yaml

== 4/5 Release each variant, stage by stage: promote, approve, publish
Promoting kubara-cert-manager-hub into stage dev...
Upgraded 0 unit(s) behind their upstream
Marked 1 unit(s) the change order covers and carries no changes for
Adding 0 unit(s) from upstream at the change order's start
Promoting kubara-cert-manager-spoke into stage prod...
Upgraded 0 unit(s) behind their upstream
Marked 1 unit(s) the change order covers and carries no changes for
Adding 0 unit(s) from upstream at the change order's start
Promoting kubara-homer-dashboard-hub into stage dev...
Upgraded 0 unit(s) behind their upstream
Marked 1 unit(s) the change order covers and carries no changes for
Adding 0 unit(s) from upstream at the change order's start
Promoting kubara-metrics-server-hub into stage dev...
Upgraded 0 unit(s) behind their upstream
Marked 1 unit(s) the change order covers and carries no changes for
Adding 0 unit(s) from upstream at the change order's start
Promoting kubara-metrics-server-spoke into stage prod...
Upgraded 0 unit(s) behind their upstream
Marked 1 unit(s) the change order covers and carries no changes for
Adding 0 unit(s) from upstream at the change order's start
Promoting kubara-traefik-hub into stage dev...
Upgraded 0 unit(s) behind their upstream
Marked 1 unit(s) the change order covers and carries no changes for
Adding 0 unit(s) from upstream at the change order's start
Promoting kubara-traefik-spoke into stage prod...
Upgraded 0 unit(s) behind their upstream
Marked 1 unit(s) the change order covers and carries no changes for
Adding 0 unit(s) from upstream at the change order's start
Promoting kubara-argo-cd-hub into stage dev...
Upgraded 1 unit(s) behind their upstream
Adding 0 unit(s) from upstream at the change order's start

== 5/5 Hand the hub to ConfigHub (your hub cluster)
hub-cert-manager: prunes nothing
spoke-cert-manager: prunes nothing
hub-homer-dashboard: prunes nothing
hub-metrics-server: prunes nothing
spoke-metrics-server: prunes nothing
hub-traefik: prunes nothing
spoke-traefik: prunes nothing
hub-argocd: prunes nothing
secret/confighub-kubara-targets created
data written to argo-cd/released.yaml
appproject.argoproj.io/hub-dev serverside-applied
applicationset.argoproj.io/argocd serverside-applied
applicationset.argoproj.io/cert-manager serverside-applied
applicationset.argoproj.io/homer-dashboard serverside-applied
applicationset.argoproj.io/metrics-server serverside-applied
applicationset.argoproj.io/traefik serverside-applied
applicationset.argoproj.io/argocd patched
applicationset.argoproj.io/cert-manager patched
applicationset.argoproj.io/homer-dashboard patched
applicationset.argoproj.io/metrics-server patched
applicationset.argoproj.io/traefik patched
hub-argocd: stopping a sync Argo CD started from Git
hub-argocd: stopping a sync Argo CD started from Git
hub-cert-manager reads oci://oci.hub.confighub.com/space/kubara-cert-manager-hub
spoke-cert-manager reads oci://oci.hub.confighub.com/space/kubara-cert-manager-spoke
hub-homer-dashboard reads oci://oci.hub.confighub.com/space/kubara-homer-dashboard-hub
hub-metrics-server reads oci://oci.hub.confighub.com/space/kubara-metrics-server-hub
spoke-metrics-server reads oci://oci.hub.confighub.com/space/kubara-metrics-server-spoke
hub-traefik reads oci://oci.hub.confighub.com/space/kubara-traefik-hub
spoke-traefik reads oci://oci.hub.confighub.com/space/kubara-traefik-spoke
hub-argocd reads oci://oci.hub.confighub.com/space/kubara-argo-cd-hub

Done. Kubara's hub now reads each cluster's approved release from ConfigHub.
Watch it with: kubectl get applications -n argocd
A manual sync must keep RespectIgnoreDifferences, as Kubara's sync options do;
without it, Argo CD empties the values of the Secrets ConfigHub holds without values.

== 4. Check that each cluster runs the release its stage approved

$ cub kubara check platform --prefix kubara --hub-context kind-kubara-hub
kubara-argo-cd-hub: hub-argocd runs release 1, synced, prunes nothing, keeps Secret values; health Progressing
kubara-bootstrap-crds-hub: skipped, no ApplicationSet delivers it; Kubara's bootstrap keeps it
kubara-bootstrap-crds-spoke: skipped, no ApplicationSet delivers it; Kubara's bootstrap keeps it
kubara-cert-manager-hub: hub-cert-manager runs release 1, synced, prunes nothing, keeps Secret values; health Degraded
kubara-cert-manager-spoke: spoke-cert-manager runs release 1, synced, prunes nothing, keeps Secret values; health Degraded
kubara-homer-dashboard-hub: hub-homer-dashboard runs release 1, synced, prunes nothing, keeps Secret values; health Healthy
kubara-metrics-server-hub: hub-metrics-server runs release 1, synced, prunes nothing, keeps Secret values; health Healthy
kubara-metrics-server-spoke: spoke-metrics-server runs release 1, synced, prunes nothing, keeps Secret values; health Healthy
kubara-traefik-hub: hub-traefik runs release 1, synced, prunes nothing, keeps Secret values; health Progressing
kubara-traefik-spoke: spoke-traefik runs release 1, synced, prunes nothing, keeps Secret values; health Progressing

== 5. One change, released to dev first: two metrics-server replicas

$ cub function set --space kubara-metrics-server-base --unit metrics-server --change-desc 'Run two metrics-server replicas' set-replicas 2 --quiet

$ cub changeorder create --space kubara-metrics-server-base two-replicas --change-workflow kubara-metrics-server-base/rollout --description 'Two metrics-server replicas' --allow-exists
Successfully created changeorder two-replicas (2bee1788-a9e9-41e4-86ed-89d266a69686)

$ cub variant promote --change-order kubara-metrics-server-base/two-replicas --target-stage dev --quiet
Promoting kubara-metrics-server-hub into stage dev...
Upgraded 1 unit(s) behind their upstream
Adding 0 unit(s) from upstream at the change order's start

$ cub variant approve --change-order kubara-metrics-server-base/two-replicas --stage dev
Recorded pass Approval attestation 901c3d11-ba22-42dc-a5e9-f9f77d367807 in kubara-metrics-server-hub, covering 1 revision(s)

$ cub release publish kubara-metrics-server-hub --revision ChangeOrder:kubara-metrics-server-base/two-replicas --quiet

Released to dev. Until Argo CD pulls it, check says so:

$ cub kubara check platform --prefix kubara --hub-context kind-kubara-hub
kubara-argo-cd-hub: hub-argocd runs release 1, synced, prunes nothing, keeps Secret values; health Progressing
kubara-bootstrap-crds-hub: skipped, no ApplicationSet delivers it; Kubara's bootstrap keeps it
kubara-bootstrap-crds-spoke: skipped, no ApplicationSet delivers it; Kubara's bootstrap keeps it
kubara-cert-manager-hub: hub-cert-manager runs release 1, synced, prunes nothing, keeps Secret values; health Degraded
kubara-cert-manager-spoke: spoke-cert-manager runs release 1, synced, prunes nothing, keeps Secret values; health Degraded
kubara-homer-dashboard-hub: hub-homer-dashboard runs release 1, synced, prunes nothing, keeps Secret values; health Healthy
kubara-metrics-server-hub: FAIL: Argo CD runs sha256:3cbe6f041c9b, and the latest release, 2, is sha256:b6cbc4b69481
kubara-metrics-server-spoke: spoke-metrics-server runs release 1, synced, prunes nothing, keeps Secret values; health Healthy
kubara-traefik-hub: hub-traefik runs release 1, synced, prunes nothing, keeps Secret values; health Progressing
kubara-traefik-spoke: spoke-traefik runs release 1, synced, prunes nothing, keeps Secret values; health Progressing
error: 1 of 10 variants do not run their approved release as they should

$ kubectl --context kind-kubara-hub -n metrics-server get deploy metrics-server
NAME             READY   UP-TO-DATE   AVAILABLE   AGE
metrics-server   2/2     2            2           7m26s

$ kubectl --context kind-kubara-spoke -n metrics-server get deploy metrics-server
NAME             READY   UP-TO-DATE   AVAILABLE   AGE
metrics-server   1/1     1            1           7m25s

$ cub kubara check platform --prefix kubara --hub-context kind-kubara-hub
kubara-argo-cd-hub: hub-argocd runs release 1, synced, prunes nothing, keeps Secret values; health Progressing
kubara-bootstrap-crds-hub: skipped, no ApplicationSet delivers it; Kubara's bootstrap keeps it
kubara-bootstrap-crds-spoke: skipped, no ApplicationSet delivers it; Kubara's bootstrap keeps it
kubara-cert-manager-hub: hub-cert-manager runs release 1, synced, prunes nothing, keeps Secret values; health Degraded
kubara-cert-manager-spoke: spoke-cert-manager runs release 1, synced, prunes nothing, keeps Secret values; health Degraded
kubara-homer-dashboard-hub: hub-homer-dashboard runs release 1, synced, prunes nothing, keeps Secret values; health Healthy
kubara-metrics-server-hub: hub-metrics-server runs release 2, synced, prunes nothing, keeps Secret values; health Healthy
kubara-metrics-server-spoke: spoke-metrics-server runs release 1, synced, prunes nothing, keeps Secret values; health Healthy
kubara-traefik-hub: hub-traefik runs release 1, synced, prunes nothing, keeps Secret values; health Progressing
kubara-traefik-spoke: spoke-traefik runs release 1, synced, prunes nothing, keeps Secret values; health Progressing

== 6. The same change in prod, after its own approval

$ cub variant promote --change-order kubara-metrics-server-base/two-replicas --target-stage prod --quiet
Promoting kubara-metrics-server-spoke into stage prod...
Upgraded 1 unit(s) behind their upstream
Adding 0 unit(s) from upstream at the change order's start

$ cub variant approve --change-order kubara-metrics-server-base/two-replicas --stage prod
Recorded pass Approval attestation eab62999-6734-46a5-961e-5bd2c0928e78 in kubara-metrics-server-spoke, covering 1 revision(s)

$ cub release publish kubara-metrics-server-spoke --revision ChangeOrder:kubara-metrics-server-base/two-replicas --quiet

$ kubectl --context kind-kubara-spoke -n metrics-server get deploy metrics-server
NAME             READY   UP-TO-DATE   AVAILABLE   AGE
metrics-server   2/2     2            2           8m9s

$ cub kubara check platform --prefix kubara --hub-context kind-kubara-hub --record
kubara-argo-cd-hub: hub-argocd runs release 1, synced, prunes nothing, keeps Secret values; health Progressing; recorded a Pass (d933b5cd-281f-43b1-9657-3a6cd0126671)
kubara-bootstrap-crds-hub: skipped, no ApplicationSet delivers it; Kubara's bootstrap keeps it
kubara-bootstrap-crds-spoke: skipped, no ApplicationSet delivers it; Kubara's bootstrap keeps it
kubara-cert-manager-hub: hub-cert-manager runs release 1, synced, prunes nothing, keeps Secret values; health Degraded; recorded a Pass (d9910f36-35b6-4708-9438-feb3bbc64ad4)
kubara-cert-manager-spoke: spoke-cert-manager runs release 1, synced, prunes nothing, keeps Secret values; health Degraded; recorded a Pass (4ade5d0f-5ef4-4c48-baae-0d68e46073f7)
kubara-homer-dashboard-hub: hub-homer-dashboard runs release 1, synced, prunes nothing, keeps Secret values; health Healthy; recorded a Pass (1a88065c-269a-4f5e-8753-de8540385615)
kubara-metrics-server-hub: hub-metrics-server runs release 2, synced, prunes nothing, keeps Secret values; health Healthy; recorded a Pass (ed7d14c2-bebc-4ff5-b414-265306d6f96e)
kubara-metrics-server-spoke: spoke-metrics-server runs release 2, synced, prunes nothing, keeps Secret values; health Healthy; recorded a Pass (bec330d8-a362-4ecf-9677-b4c758a189e6)
kubara-traefik-hub: hub-traefik runs release 1, synced, prunes nothing, keeps Secret values; health Progressing; recorded a Pass (9dacf1c1-c277-467d-9b26-a28ab3fa0788)
kubara-traefik-spoke: spoke-traefik runs release 1, synced, prunes nothing, keeps Secret values; health Progressing; recorded a Pass (636696a1-079d-47cd-a5d0-e5b0722ab52b)

Done. Kubara's hub delivers what ConfigHub approved, stage by stage.
See it in ConfigHub: cub space list --where "Slug LIKE 'kubara-%'"
