The kind lab's run.sh on 2026-10-09 (UTC), from scratch, with cub kubara built from this change,
Kubara v0.15.0, cub v0.8.7 and ConfigHub v0.8.11. PREFIX=rh-kubara, KIND=rhk. argobot v0.1.9 records
live status on each release. After this run, run.sh's section 8 gained a check of why the promotion
was refused, and handover.sh a check of cub's version; the second part below shows that check, and
handover.sh run again on the handed-over hub.


== 1. See what ConfigHub will hold. This needs no account and changes nothing.

$ cub kubara plan platform --prefix rh-kubara
Kubara platform  platform  (generated by Kubara; chart versions read from what it wrote)
Catalogs         oci://ghcr.io/kubara-io/catalogs/bootstrap:3.0.0, oci://ghcr.io/kubara-io/catalogs/general:3.0.0

Stages, in the order a change rolls out
  1. dev
     hub                    hub    runs Kubara's hub Argo CD
                                   runs argo-cd, bootstrap-crds, cert-manager, homer-dashboard, metrics-server, traefik
  2. prod
     spoke                  spoke  delivered by hub's Argo CD, as Kubara wires it
                                   runs bootstrap-crds, cert-manager, metrics-server, traefik

Components: a base per component, a variant per cluster it runs on
  argo-cd  (bootstrap 3.0.0)
    base      rh-kubara-argo-cd-base  reaches no cluster
    variants  rh-kubara-argo-cd-<cluster> for hub
    chart     argo-cd 10.7.0 from https://argoproj.github.io/argo-helm
              Workshop checked this version (default flatten-with-routes; no-crds flatten-with-routes): https://confighub.github.io/helm-expt/site/charts/argo-cd-argo-cd-10-7-0.html
  bootstrap-crds  (bootstrap 3.0.0)
    base      rh-kubara-bootstrap-crds-base  reaches no cluster
    variants  rh-kubara-bootstrap-crds-<cluster> for hub, spoke
    chart     cert-manager 1.21.1 from https://charts.jetstack.io
              Workshop checked this version (crds-enabled flatten-with-routes; default flatten-with-routes): https://confighub.github.io/helm-expt/site/charts/jetstack-cert-manager-v1-21-1.html
    chart     kube-prometheus-stack 88.6.3 from https://prometheus-community.github.io/helm-charts
              Workshop checked this version (default unsafe-to-flatten; existing-secret unsafe-to-flatten; no-crds unsafe-to-flatten): https://confighub.github.io/helm-expt/site/charts/prometheus-community-kube-prometheus-stack-88-6-3.html
    chart     external-secrets 2.10.0 from https://charts.external-secrets.io
              Workshop checked this version (default flatten-with-routes; no-crds flatten-with-routes): https://confighub.github.io/helm-expt/site/charts/external-secrets-external-secrets-2-10-0.html
  cert-manager  (general 3.0.0)
    base      rh-kubara-cert-manager-base  reaches no cluster
    variants  rh-kubara-cert-manager-<cluster> for hub, spoke
    chart     cert-manager 1.21.1 from https://charts.jetstack.io
              Workshop checked this version (crds-enabled flatten-with-routes; default flatten-with-routes): https://confighub.github.io/helm-expt/site/charts/jetstack-cert-manager-v1-21-1.html
  homer-dashboard  (general 3.0.0)
    base      rh-kubara-homer-dashboard-base  reaches no cluster
    variants  rh-kubara-homer-dashboard-<cluster> for hub
    chart     Kubara's own chart; no upstream chart to check
  metrics-server  (general 3.0.0)
    base      rh-kubara-metrics-server-base  reaches no cluster
    variants  rh-kubara-metrics-server-<cluster> for hub, spoke
    chart     metrics-server 3.14.0 from https://kubernetes-sigs.github.io/metrics-server
              Workshop checked this version (default safe-to-flatten; external-tls-ca unsafe-to-flatten): https://confighub.github.io/helm-expt/site/charts/metrics-server-metrics-server-3-14-0.html
  traefik  (general 3.0.0)
    base      rh-kubara-traefik-base  reaches no cluster
    variants  rh-kubara-traefik-<cluster> for hub, spoke
    chart     traefik 41.4.0 from oci://ghcr.io/traefik/helm
              Workshop checked this version (default flatten-with-routes): https://confighub.github.io/helm-expt/site/charts/traefik-traefik-41-4-0.html

Workshop evidence  7 of 7 upstream charts checked at the exact version Kubara pins; 0 checked at another version; 0 from another repository; 0 not in the Workshop Catalog.
                   Kubara's catalogs stay the source of every component; evidence only annotates it. Workshop Catalog at 3e63edb91.

ConfigHub would hold 16 Spaces: a base Space per component, and a variant Space per cluster it runs on.
  Each base holds what Kubara generated for the earliest-stage cluster that runs it, and a rollout workflow:
  the stages above in order, each waiting for the stage ahead, and an approval attestation
  (cub variant approve) before each release. Each variant records its cluster's own render as a change.
  Secret values stay out of ConfigHub: a Secret keeps its keys and loses its values.
  One more Space, rh-kubara-kubara-generated, keeps what Kubara generated for each base, so a new
  catalog version reaches a base as one change you review.
  Kubara's hub, AppProject and ApplicationSets stay as Kubara generates them, and keep delivering
  from Git until handover, which points each ApplicationSet at the cluster's approved release instead.

Next
  cub kubara apply platform --out <dir>   # render each cluster and write apply.sh, the cub steps above

Offline: no account, no cluster, nothing changed.

== 2. Put the platform into ConfigHub: a base per component, a variant per cluster

$ cub kubara apply platform --prefix rh-kubara --out confighub --capabilities hub=kind-rhk-hub --capabilities spoke=kind-rhk-spoke
Wrote confighub/apply.sh: 6 components, 10 variants.
Rendered hub with its own capabilities, from context kind-rhk-hub: Kubernetes v1.35.0, 168 APIs.
Rendered spoke with its own capabilities, from context kind-rhk-spoke: Kubernetes v1.35.0, 168 APIs.
These Secrets go to ConfigHub with their keys and without their values:
  argo-cd: Secret argocd/cluster-kubernetes.default.svc (3 values)
  rh-kubara-bootstrap-crds-spoke renders the same as its base, so it records no change

Next
  less confighub/apply.sh        # read what it will do
  bash confighub/apply.sh

$ bash confighub/apply.sh

== 0/2 Check before changing anything

== 1/2 A component, a base and a rollout workflow per Kubara component
Config data written to argo-cd/taken.yaml
Config data written to bootstrap-crds/taken.yaml
Config data written to cert-manager/taken.yaml
Config data written to homer-dashboard/taken.yaml
Config data written to metrics-server/taken.yaml
Config data written to traefik/taken.yaml

== 2/2 A variant per cluster, holding that cluster's own render
rh-kubara-argo-cd-hub: the base is this cluster's render
rh-kubara-bootstrap-crds-hub: the base is this cluster's render
rh-kubara-bootstrap-crds-spoke: Kubara renders it the same as on hub; no change to record
rh-kubara-cert-manager-hub: the base is this cluster's render
rh-kubara-homer-dashboard-hub: the base is this cluster's render
rh-kubara-metrics-server-hub: the base is this cluster's render
rh-kubara-traefik-hub: the base is this cluster's render

== Done
Every Kubara component now has a base and a variant per cluster in ConfigHub.
To change the platform: edit a base, promote the change stage by stage with
  cub changeorder create ... then cub variant promote and cub variant approve.
Before handover, Kubara's hub delivers from Git; handover points it at approved releases.

== 3. Hand Kubara's hub to ConfigHub

$ cub kubara handover platform --prefix rh-kubara --out confighub --capabilities hub=kind-rhk-hub
Wrote confighub/handover.sh. These ApplicationSets will read ConfigHub instead of Git:
  argocd                   oci://oci.hub.confighub.com/space/rh-kubara-argo-cd-{{name}}
  cert-manager             oci://oci.hub.confighub.com/space/rh-kubara-cert-manager-{{name}}
  homer-dashboard          oci://oci.hub.confighub.com/space/rh-kubara-homer-dashboard-{{name}}
  metrics-server           oci://oci.hub.confighub.com/space/rh-kubara-metrics-server-{{name}}
  traefik                  oci://oci.hub.confighub.com/space/rh-kubara-traefik-{{name}}
No ApplicationSet delivers bootstrap-crds, so Kubara's bootstrap keeps it.
Left on Git, for services this platform does not enable: external-dns, external-secrets, kube-prometheus-stack, kyverno, kyverno-policies, kyverno-policy-reporter, loki, longhorn, metallb, oauth2-proxy, reloader, velero
Then it installs argobot v0.1.9 on the hub, which records each release's live status in its variant Space.
It approves each first release as you in: dev, prod.

Next, after apply.sh
  less confighub/handover.sh
  HUB_CONTEXT=<kubectl context of Kubara's hub> bash confighub/handover.sh

$ bash confighub/handover.sh

== 0/6 Check before changing anything

== 1/6 One Target per cluster, in rh-kubara-targets

== 2/6 Each variant releases to its own cluster's Target

== 3/6 Kubara's ApplicationSets read ConfigHub: a change to the argo-cd base
data written to argo-cd/current.yaml

== 4/6 Release each variant, stage by stage: promote, approve, publish
Promoting rh-kubara-cert-manager-hub into stage dev...
Upgraded 0 unit(s) behind their upstream
Marked 1 unit(s) the change order covers and carries no changes for
Adding 0 unit(s) from upstream at the change order's start
Promoting rh-kubara-cert-manager-spoke into stage prod...
Upgraded 0 unit(s) behind their upstream
Marked 1 unit(s) the change order covers and carries no changes for
Adding 0 unit(s) from upstream at the change order's start
Promoting rh-kubara-homer-dashboard-hub into stage dev...
Upgraded 0 unit(s) behind their upstream
Marked 1 unit(s) the change order covers and carries no changes for
Adding 0 unit(s) from upstream at the change order's start
Promoting rh-kubara-metrics-server-hub into stage dev...
Upgraded 0 unit(s) behind their upstream
Marked 1 unit(s) the change order covers and carries no changes for
Adding 0 unit(s) from upstream at the change order's start
Promoting rh-kubara-metrics-server-spoke into stage prod...
Upgraded 0 unit(s) behind their upstream
Marked 1 unit(s) the change order covers and carries no changes for
Adding 0 unit(s) from upstream at the change order's start
Promoting rh-kubara-traefik-hub into stage dev...
Upgraded 0 unit(s) behind their upstream
Marked 1 unit(s) the change order covers and carries no changes for
Adding 0 unit(s) from upstream at the change order's start
Promoting rh-kubara-traefik-spoke into stage prod...
Upgraded 0 unit(s) behind their upstream
Marked 1 unit(s) the change order covers and carries no changes for
Adding 0 unit(s) from upstream at the change order's start
Promoting rh-kubara-argo-cd-hub into stage dev...
Upgraded 1 unit(s) behind their upstream
Adding 0 unit(s) from upstream at the change order's start

== 5/6 Hand the hub to ConfigHub (your hub cluster)
hub-cert-manager: prunes nothing
spoke-cert-manager: prunes nothing
hub-homer-dashboard: prunes nothing
hub-metrics-server: prunes nothing
spoke-metrics-server: prunes nothing
hub-traefik: prunes nothing
spoke-traefik: prunes nothing
hub-argocd: prunes nothing
secret/confighub-rh-kubara-targets created
data written to argo-cd/released.yaml
appproject.argoproj.io/hub-dev serverside-applied
applicationset.argoproj.io/argocd serverside-applied
applicationset.argoproj.io/cert-manager serverside-applied
applicationset.argoproj.io/homer-dashboard serverside-applied
applicationset.argoproj.io/metrics-server serverside-applied
applicationset.argoproj.io/traefik serverside-applied
applicationset.argoproj.io/argocd patched
applicationset.argoproj.io/cert-manager patched
applicationset.argoproj.io/homer-dashboard patched
applicationset.argoproj.io/metrics-server patched
applicationset.argoproj.io/traefik patched
hub-cert-manager reads oci://oci.hub.confighub.com/space/rh-kubara-cert-manager-hub
spoke-cert-manager reads oci://oci.hub.confighub.com/space/rh-kubara-cert-manager-spoke
hub-homer-dashboard reads oci://oci.hub.confighub.com/space/rh-kubara-homer-dashboard-hub
hub-metrics-server reads oci://oci.hub.confighub.com/space/rh-kubara-metrics-server-hub
spoke-metrics-server reads oci://oci.hub.confighub.com/space/rh-kubara-metrics-server-spoke
hub-traefik reads oci://oci.hub.confighub.com/space/rh-kubara-traefik-hub
spoke-traefik reads oci://oci.hub.confighub.com/space/rh-kubara-traefik-spoke
hub-argocd reads oci://oci.hub.confighub.com/space/rh-kubara-argo-cd-hub

== 6/6 argobot records each Application's live status on the release it synced
secret/argobot-secrets created
namespace/argobot configured
serviceaccount/argobot created
role.rbac.authorization.k8s.io/argobot created
rolebinding.rbac.authorization.k8s.io/argobot created
deployment.apps/argobot created
Waiting for deployment spec update to be observed...
Waiting for deployment "argobot" rollout to finish: 0 out of 1 new replicas have been updated...
Waiting for deployment "argobot" rollout to finish: 1 old replicas are pending termination...
Waiting for deployment "argobot" rollout to finish: 1 old replicas are pending termination...
Waiting for deployment "argobot" rollout to finish: 1 old replicas are pending termination...
deployment "argobot" successfully rolled out
rh-kubara-cert-manager-hub: release 1 OutOfSync Degraded, from argobot
rh-kubara-cert-manager-spoke: release 1 OutOfSync Degraded, from argobot
rh-kubara-homer-dashboard-hub: release 1 Synced Healthy, from argobot
rh-kubara-metrics-server-hub: release 1 Synced Healthy, from argobot
rh-kubara-metrics-server-spoke: release 1 Synced Healthy, from argobot
rh-kubara-traefik-hub: release 1 OutOfSync Progressing, from argobot
rh-kubara-traefik-spoke: release 1 OutOfSync Progressing, from argobot
rh-kubara-argo-cd-hub: release 1 OutOfSync Degraded, from argobot

Done. Kubara's hub now reads each cluster's approved release from ConfigHub,
and argobot records each Application's sync and health on the release it synced.
See it with: cub release list --space <a variant Space>
Watch it with: kubectl get applications -n argocd
A manual sync must keep RespectIgnoreDifferences, as Kubara's sync options do;
without it, Argo CD empties the values of the Secrets ConfigHub holds without values.

== 4. Check that each cluster runs the release its stage approved

$ cub kubara check platform --prefix rh-kubara --hub-context kind-rhk-hub
rh-kubara-argo-cd-hub: FAIL: Argo CD reports hub-argocd as Degraded
rh-kubara-bootstrap-crds-hub: skipped, no ApplicationSet delivers it; Kubara's bootstrap keeps it
rh-kubara-bootstrap-crds-spoke: skipped, no ApplicationSet delivers it; Kubara's bootstrap keeps it
rh-kubara-cert-manager-hub: FAIL: Argo CD reports hub-cert-manager as Degraded
rh-kubara-cert-manager-spoke: FAIL: Argo CD reports spoke-cert-manager as Degraded
rh-kubara-homer-dashboard-hub: hub-homer-dashboard runs release 1, synced, healthy, prunes nothing, keeps Secret values
rh-kubara-metrics-server-hub: hub-metrics-server runs release 1, synced, healthy, prunes nothing, keeps Secret values
rh-kubara-metrics-server-spoke: spoke-metrics-server runs release 1, synced, healthy, prunes nothing, keeps Secret values
rh-kubara-traefik-hub: NOT YET: hub-traefik runs release 1, synced, prunes nothing, keeps Secret values; Argo CD reports hub-traefik as Progressing, not Healthy yet
rh-kubara-traefik-spoke: NOT YET: spoke-traefik runs release 1, synced, prunes nothing, keeps Secret values; Argo CD reports spoke-traefik as Progressing, not Healthy yet
error: 3 of 10 variants do not run their approved release as they should, and 2 of 10 variants are not Healthy yet; run check again once they are

== 5. See each cluster's live status in ConfigHub, as argobot reports it
rh-kubara-argo-cd-hub: release 1 Synced Degraded, reported by argobot
rh-kubara-cert-manager-hub: release 1 Synced Degraded, reported by argobot
rh-kubara-cert-manager-spoke: release 1 Synced Degraded, reported by argobot
rh-kubara-homer-dashboard-hub: release 1 Synced Healthy, reported by argobot
rh-kubara-metrics-server-hub: release 1 Synced Healthy, reported by argobot
rh-kubara-metrics-server-spoke: release 1 Synced Healthy, reported by argobot
rh-kubara-traefik-hub: release 1 Synced Progressing, reported by argobot
rh-kubara-traefik-spoke: release 1 Synced Progressing, reported by argobot

== 6. One change, released to dev first: two metrics-server replicas

$ cub function set --space rh-kubara-metrics-server-base --unit metrics-server --change-desc 'Run two metrics-server replicas' set-replicas 2 --quiet

$ cub changeorder create --space rh-kubara-metrics-server-base two-replicas --change-workflow rh-kubara-metrics-server-base/rollout --description 'Two metrics-server replicas' --allow-exists
Successfully created changeorder two-replicas (1ef9019a-f2eb-4eb0-ac85-d7a8999ad91e)

$ cub variant promote --change-order rh-kubara-metrics-server-base/two-replicas --target-stage dev --quiet
Promoting rh-kubara-metrics-server-hub into stage dev...
Upgraded 1 unit(s) behind their upstream
Adding 0 unit(s) from upstream at the change order's start

$ cub variant approve --change-order rh-kubara-metrics-server-base/two-replicas --stage dev
Recorded pass Approval attestation 1628de14-7474-46c6-bc8b-5a76caec5e40 in rh-kubara-metrics-server-hub, covering 1 revision(s)

$ cub release publish rh-kubara-metrics-server-hub --revision ChangeOrder:rh-kubara-metrics-server-base/two-replicas --quiet

Released to dev. Until Argo CD pulls it, check says so:

$ cub kubara check platform --prefix rh-kubara --hub-context kind-rhk-hub
rh-kubara-argo-cd-hub: FAIL: Argo CD reports hub-argocd as Degraded
rh-kubara-bootstrap-crds-hub: skipped, no ApplicationSet delivers it; Kubara's bootstrap keeps it
rh-kubara-bootstrap-crds-spoke: skipped, no ApplicationSet delivers it; Kubara's bootstrap keeps it
rh-kubara-cert-manager-hub: FAIL: Argo CD reports hub-cert-manager as Degraded
rh-kubara-cert-manager-spoke: FAIL: Argo CD reports spoke-cert-manager as Degraded
rh-kubara-homer-dashboard-hub: hub-homer-dashboard runs release 1, synced, healthy, prunes nothing, keeps Secret values
rh-kubara-metrics-server-hub: FAIL: Argo CD runs sha256:c677db0e1d26, and the latest release, 2, is sha256:53c0119bc3e1
rh-kubara-metrics-server-spoke: spoke-metrics-server runs release 1, synced, healthy, prunes nothing, keeps Secret values
rh-kubara-traefik-hub: NOT YET: hub-traefik runs release 1, synced, prunes nothing, keeps Secret values; Argo CD reports hub-traefik as Progressing, not Healthy yet
rh-kubara-traefik-spoke: NOT YET: spoke-traefik runs release 1, synced, prunes nothing, keeps Secret values; Argo CD reports spoke-traefik as Progressing, not Healthy yet
error: 4 of 10 variants do not run their approved release as they should, and 2 of 10 variants are not Healthy yet; run check again once they are

$ kubectl --context kind-rhk-hub -n metrics-server get deploy metrics-server
NAME             READY   UP-TO-DATE   AVAILABLE   AGE
metrics-server   2/2     2            2           28m

$ kubectl --context kind-rhk-spoke -n metrics-server get deploy metrics-server
NAME             READY   UP-TO-DATE   AVAILABLE   AGE
metrics-server   1/1     1            1           28m

$ cub kubara check platform --prefix rh-kubara --hub-context kind-rhk-hub
rh-kubara-argo-cd-hub: FAIL: Argo CD reports hub-argocd as Degraded
rh-kubara-bootstrap-crds-hub: skipped, no ApplicationSet delivers it; Kubara's bootstrap keeps it
rh-kubara-bootstrap-crds-spoke: skipped, no ApplicationSet delivers it; Kubara's bootstrap keeps it
rh-kubara-cert-manager-hub: FAIL: Argo CD reports hub-cert-manager as Degraded
rh-kubara-cert-manager-spoke: FAIL: Argo CD reports spoke-cert-manager as Degraded
rh-kubara-homer-dashboard-hub: hub-homer-dashboard runs release 1, synced, healthy, prunes nothing, keeps Secret values
rh-kubara-metrics-server-hub: NOT YET: hub-metrics-server runs release 2, synced, prunes nothing, keeps Secret values; Argo CD reports hub-metrics-server as Progressing, not Healthy yet
rh-kubara-metrics-server-spoke: spoke-metrics-server runs release 1, synced, healthy, prunes nothing, keeps Secret values
rh-kubara-traefik-hub: NOT YET: hub-traefik runs release 1, synced, prunes nothing, keeps Secret values; Argo CD reports hub-traefik as Progressing, not Healthy yet
rh-kubara-traefik-spoke: NOT YET: spoke-traefik runs release 1, synced, prunes nothing, keeps Secret values; Argo CD reports spoke-traefik as Progressing, not Healthy yet
error: 3 of 10 variants do not run their approved release as they should, and 3 of 10 variants are not Healthy yet; run check again once they are

== 7. The same change in prod, after its own approval

$ cub variant promote --change-order rh-kubara-metrics-server-base/two-replicas --target-stage prod --quiet
Promoting rh-kubara-metrics-server-spoke into stage prod...
Upgraded 1 unit(s) behind their upstream
Adding 0 unit(s) from upstream at the change order's start

$ cub variant approve --change-order rh-kubara-metrics-server-base/two-replicas --stage prod
Recorded pass Approval attestation fbeff0ff-62ac-4d83-a887-d06b262b129d in rh-kubara-metrics-server-spoke, covering 1 revision(s)

$ cub release publish rh-kubara-metrics-server-spoke --revision ChangeOrder:rh-kubara-metrics-server-base/two-replicas --quiet

$ kubectl --context kind-rhk-spoke -n metrics-server get deploy metrics-server
NAME             READY   UP-TO-DATE   AVAILABLE   AGE
metrics-server   2/2     2            2           28m

$ cub kubara check platform --prefix rh-kubara --hub-context kind-rhk-hub --record
rh-kubara-argo-cd-hub: FAIL: Argo CD reports hub-argocd as Degraded; recorded a rejection (0c4d6e91-c09f-4718-8aa8-dbc0a474a530)
rh-kubara-bootstrap-crds-hub: skipped, no ApplicationSet delivers it; Kubara's bootstrap keeps it
rh-kubara-bootstrap-crds-spoke: skipped, no ApplicationSet delivers it; Kubara's bootstrap keeps it
rh-kubara-cert-manager-hub: FAIL: Argo CD reports hub-cert-manager as Degraded; recorded a rejection (d02a52e6-1dda-4b34-9c97-2be86e63c620)
rh-kubara-cert-manager-spoke: FAIL: Argo CD reports spoke-cert-manager as Degraded; recorded a rejection (69422dcd-882c-4a7a-be66-b51639505a6a)
rh-kubara-homer-dashboard-hub: hub-homer-dashboard runs release 1, synced, healthy, prunes nothing, keeps Secret values; recorded a Pass (b3e205b0-5928-4560-a930-d6c040a13f18)
rh-kubara-metrics-server-hub: hub-metrics-server runs release 2, synced, healthy, prunes nothing, keeps Secret values; recorded a Pass (26d12c52-8de3-4a6c-b6f8-5e3c9e28104d)
rh-kubara-metrics-server-spoke: NOT YET: spoke-metrics-server runs release 2, synced, prunes nothing, keeps Secret values; Argo CD reports spoke-metrics-server as Progressing, not Healthy yet
rh-kubara-traefik-hub: NOT YET: hub-traefik runs release 1, synced, prunes nothing, keeps Secret values; Argo CD reports hub-traefik as Progressing, not Healthy yet
rh-kubara-traefik-spoke: NOT YET: spoke-traefik runs release 1, synced, prunes nothing, keeps Secret values; Argo CD reports spoke-traefik as Progressing, not Healthy yet
error: 3 of 10 variants do not run their approved release as they should, and 3 of 10 variants are not Healthy yet; run check again once they are

== 8. Gate prod on dev's health

$ echo <prod waits for Released and Healthy> | cub changeworkflow update --patch --space rh-kubara-metrics-server-base rollout --from-stdin --quiet

$ cub changeworkflow get --space rh-kubara-metrics-server-base rollout -o 'jq=.ChangeWorkflow.Stages[] | "\(.Name): \(.Prerequisites // [] | join(", "))"'
dev: 
prod: Released, Healthy

$ cub function set --space rh-kubara-metrics-server-base --unit metrics-server --change-desc 'Run three metrics-server replicas' set-replicas 3 --quiet

$ cub changeorder create --space rh-kubara-metrics-server-base three-replicas --change-workflow rh-kubara-metrics-server-base/rollout --description 'Three metrics-server replicas' --allow-exists
Successfully created changeorder three-replicas (7fab8931-5632-481c-bb99-21e261a64ab2)

$ cub variant promote --change-order rh-kubara-metrics-server-base/three-replicas --target-stage dev --quiet
Promoting rh-kubara-metrics-server-hub into stage dev...
Upgraded 1 unit(s) behind their upstream
Adding 0 unit(s) from upstream at the change order's start

$ cub variant approve --change-order rh-kubara-metrics-server-base/three-replicas --stage dev
Recorded pass Approval attestation f9a850ac-5e80-4ca8-b9de-791ce81d1b86 in rh-kubara-metrics-server-hub, covering 1 revision(s)

$ cub release publish rh-kubara-metrics-server-hub --revision ChangeOrder:rh-kubara-metrics-server-base/three-replicas --quiet

Straight after the release, Argo CD has not synced it, so it holds no live status:
rh-kubara-metrics-server-hub: release 3 has no live status yet
ConfigHub's Healthy gate reads the newest release, so it refuses the promotion to prod:

$ cub variant promote --change-order rh-kubara-metrics-server-base/three-replicas --target-stage prod --dry-run
Failed: Variant 'hub' has no live status for release 3 yet

check compares digests, and says dev does not run its latest release yet:

$ cub kubara check platform --prefix rh-kubara --hub-context kind-rhk-hub
rh-kubara-argo-cd-hub: FAIL: Argo CD reports hub-argocd as Degraded
rh-kubara-bootstrap-crds-hub: skipped, no ApplicationSet delivers it; Kubara's bootstrap keeps it
rh-kubara-bootstrap-crds-spoke: skipped, no ApplicationSet delivers it; Kubara's bootstrap keeps it
rh-kubara-cert-manager-hub: FAIL: Argo CD reports hub-cert-manager as Degraded
rh-kubara-cert-manager-spoke: FAIL: Argo CD reports spoke-cert-manager as Degraded
rh-kubara-homer-dashboard-hub: hub-homer-dashboard runs release 1, synced, healthy, prunes nothing, keeps Secret values
rh-kubara-metrics-server-hub: FAIL: Argo CD runs sha256:53c0119bc3e1, and the latest release, 3, is sha256:b0bd58436b83
rh-kubara-metrics-server-spoke: spoke-metrics-server runs release 2, synced, healthy, prunes nothing, keeps Secret values
rh-kubara-traefik-hub: NOT YET: hub-traefik runs release 1, synced, prunes nothing, keeps Secret values; Argo CD reports hub-traefik as Progressing, not Healthy yet
rh-kubara-traefik-spoke: NOT YET: spoke-traefik runs release 1, synced, prunes nothing, keeps Secret values; Argo CD reports spoke-traefik as Progressing, not Healthy yet
error: 4 of 10 variants do not run their approved release as they should, and 2 of 10 variants are not Healthy yet; run check again once they are

Once Argo CD syncs the release and dev is Healthy, prod accepts the change:
rh-kubara-metrics-server-hub: release 3 Synced Healthy, reported by argobot

$ cub variant promote --change-order rh-kubara-metrics-server-base/three-replicas --target-stage prod --quiet
Promoting rh-kubara-metrics-server-spoke into stage prod...
Upgraded 1 unit(s) behind their upstream
Adding 0 unit(s) from upstream at the change order's start

$ cub variant approve --change-order rh-kubara-metrics-server-base/three-replicas --stage prod
Recorded pass Approval attestation d13d2d9e-d748-42bf-9025-3690c5f7e38d in rh-kubara-metrics-server-spoke, covering 1 revision(s)

$ cub release publish rh-kubara-metrics-server-spoke --revision ChangeOrder:rh-kubara-metrics-server-base/three-replicas --quiet
rh-kubara-metrics-server-spoke: release 3 Synced Healthy, reported by argobot

== 9. A release that breaks dev holds prod back

$ cub function set --space rh-kubara-metrics-server-base --unit metrics-server --change-desc 'An image that does not exist' set-container-image metrics-server registry.k8s.io/metrics-server/metrics-server:v0.0.0-missing --quiet

$ cub function set --space rh-kubara-metrics-server-base --unit metrics-server --change-desc 'Report a stuck rollout after 30 seconds' set-int-path apps/v1/Deployment spec.progressDeadlineSeconds 30 --quiet

$ cub changeorder create --space rh-kubara-metrics-server-base missing-image --change-workflow rh-kubara-metrics-server-base/rollout --description 'An image that does not exist' --allow-exists
Successfully created changeorder missing-image (69b1e1e5-9620-419a-8673-05d2ac89a26a)

$ cub variant promote --change-order rh-kubara-metrics-server-base/missing-image --target-stage dev --quiet
Promoting rh-kubara-metrics-server-hub into stage dev...
Upgraded 1 unit(s) behind their upstream
Adding 0 unit(s) from upstream at the change order's start

$ cub variant approve --change-order rh-kubara-metrics-server-base/missing-image --stage dev
Recorded pass Approval attestation 76f78594-606d-4a48-a44a-e2470fe60d51 in rh-kubara-metrics-server-hub, covering 1 revision(s)

$ cub release publish rh-kubara-metrics-server-hub --revision ChangeOrder:rh-kubara-metrics-server-base/missing-image --quiet
rh-kubara-metrics-server-hub: release 4 Synced Degraded, reported by argobot

$ kubectl --context kind-rhk-hub -n metrics-server get pods
NAME                              READY   STATUS         RESTARTS      AGE
metrics-server-7c97bf64d6-9j9m5   1/1     Running        0             3m45s
metrics-server-7c97bf64d6-cs845   1/1     Running        0             2m15s
metrics-server-7c97bf64d6-j7fwr   1/1     Running        1 (17m ago)   31m
metrics-server-7fd4fdd7cb-8z8mw   0/1     ErrImagePull   0             36s

ConfigHub refuses to promote it into prod:

$ cub variant promote --change-order rh-kubara-metrics-server-base/missing-image --target-stage prod --quiet
Failed: Variant 'hub' release 4 is not healthy (Degraded)

Take the change back out, and dev is Healthy again:

$ cub changeorder update --space rh-kubara-metrics-server-base missing-image --aborted-reason 'dev is Degraded: the image does not exist' --quiet

$ cub variant demote --change-order rh-kubara-metrics-server-base/missing-image --quiet
Demoting rh-kubara-metrics-server-hub...
Restored 1 unit(s) to the revisions before change order missing-image
Demoting rh-kubara-metrics-server-base...
Restored 1 unit(s) to the revisions before change order missing-image

$ cub release publish rh-kubara-metrics-server-hub --quiet
rh-kubara-metrics-server-hub: release 5 Synced Healthy, reported by argobot

$ cub kubara check platform --prefix rh-kubara --hub-context kind-rhk-hub
rh-kubara-argo-cd-hub: FAIL: Argo CD reports hub-argocd as Degraded
rh-kubara-bootstrap-crds-hub: skipped, no ApplicationSet delivers it; Kubara's bootstrap keeps it
rh-kubara-bootstrap-crds-spoke: skipped, no ApplicationSet delivers it; Kubara's bootstrap keeps it
rh-kubara-cert-manager-hub: FAIL: Argo CD reports hub-cert-manager as Degraded
rh-kubara-cert-manager-spoke: FAIL: Argo CD reports spoke-cert-manager as Degraded
rh-kubara-homer-dashboard-hub: hub-homer-dashboard runs release 1, synced, healthy, prunes nothing, keeps Secret values
rh-kubara-metrics-server-hub: hub-metrics-server runs release 5, synced, healthy, prunes nothing, keeps Secret values
rh-kubara-metrics-server-spoke: spoke-metrics-server runs release 3, synced, healthy, prunes nothing, keeps Secret values
rh-kubara-traefik-hub: NOT YET: hub-traefik runs release 1, synced, prunes nothing, keeps Secret values; Argo CD reports hub-traefik as Progressing, not Healthy yet
rh-kubara-traefik-spoke: NOT YET: spoke-traefik runs release 1, synced, prunes nothing, keeps Secret values; Argo CD reports spoke-traefik as Progressing, not Healthy yet
error: 3 of 10 variants do not run their approved release as they should, and 2 of 10 variants are not Healthy yet; run check again once they are

Done. Kubara's hub delivers what ConfigHub approved, stage by stage.
See it in ConfigHub: cub space list --where "Slug LIKE 'rh-kubara-%'"

====================================================================
handover.sh with a cub that reports v0.8.1


== 0/6 Check before changing anything
cub is v0.8.1; this script needs v0.8.2 or later, and ConfigHub v0.8.2 or later: run cub upgrade

====================================================================
handover.sh again on the handed-over hub (steps 0 to 5 change nothing; step 6 in full)

== 0/6 Check before changing anything
== 1/6 One Target per cluster, in rh-kubara-targets
== 2/6 Each variant releases to its own cluster's Target
== 3/6 Kubara's ApplicationSets read ConfigHub: a change to the argo-cd base
== 4/6 Release each variant, stage by stage: promote, approve, publish
== 5/6 Hand the hub to ConfigHub (your hub cluster)
== 6/6 argobot records each Application's live status on the release it synced
secret/argobot-secrets unchanged
namespace/argobot configured
serviceaccount/argobot unchanged
role.rbac.authorization.k8s.io/argobot unchanged
rolebinding.rbac.authorization.k8s.io/argobot unchanged
deployment.apps/argobot unchanged
Waiting for deployment spec update to be observed...
Waiting for deployment "argobot" rollout to finish: 0 out of 1 new replicas have been updated...
Waiting for deployment "argobot" rollout to finish: 1 old replicas are pending termination...
Waiting for deployment "argobot" rollout to finish: 1 old replicas are pending termination...
deployment "argobot" successfully rolled out
rh-kubara-cert-manager-hub: release 1 Synced Degraded, from argobot
rh-kubara-cert-manager-spoke: release 1 Synced Degraded, from argobot
rh-kubara-homer-dashboard-hub: release 1 Synced Healthy, from argobot
rh-kubara-metrics-server-hub: release 5 Synced Healthy, from argobot
rh-kubara-metrics-server-spoke: release 3 Synced Healthy, from argobot
rh-kubara-traefik-hub: release 1 Synced Progressing, from argobot
rh-kubara-traefik-spoke: release 1 Synced Progressing, from argobot
rh-kubara-argo-cd-hub: release 1 Synced Degraded, from argobot

Done. Kubara's hub now reads each cluster's approved release from ConfigHub,
and argobot records each Application's sync and health on the release it synced.
See it with: cub release list --space <a variant Space>
Watch it with: kubectl get applications -n argocd
A manual sync must keep RespectIgnoreDifferences, as Kubara's sync options do;
without it, Argo CD empties the values of the Secrets ConfigHub holds without values.
